<inh f='boost-1.85.0/libs/mpl/include/boost/mpl/map/aux_/map0.hpp' l='54' c='boost::mpl::map0'/>
<def f='boost-1.85.0/libs/mpl/include/boost/mpl/aux_/preprocessed/gcc/map.hpp' l='24' ll='34'/>
<use f='boost-1.85.0/libs/mpl/include/boost/mpl/aux_/preprocessed/gcc/map.hpp' l='27'/>
<def f='boost-1.85.0/libs/mpl/include/boost/mpl/aux_/preprocessed/gcc/map.hpp' l='36' ll='46'/>
<def f='boost-1.85.0/libs/mpl/include/boost/mpl/aux_/preprocessed/gcc/map.hpp' l='48' ll='58'/>
<def f='boost-1.85.0/libs/mpl/include/boost/mpl/aux_/preprocessed/gcc/map.hpp' l='60' ll='70'/>
<def f='boost-1.85.0/libs/mpl/include/boost/mpl/aux_/preprocessed/gcc/map.hpp' l='72' ll='82'/>
<def f='boost-1.85.0/libs/mpl/include/boost/mpl/aux_/preprocessed/gcc/map.hpp' l='84' ll='94'/>
<def f='boost-1.85.0/libs/mpl/include/boost/mpl/aux_/preprocessed/gcc/map.hpp' l='96' ll='107'/>
<def f='boost-1.85.0/libs/mpl/include/boost/mpl/aux_/preprocessed/gcc/map.hpp' l='109' ll='120'/>
<def f='boost-1.85.0/libs/mpl/include/boost/mpl/aux_/preprocessed/gcc/map.hpp' l='122' ll='133'/>
<def f='boost-1.85.0/libs/mpl/include/boost/mpl/aux_/preprocessed/gcc/map.hpp' l='135' ll='146'/>
<def f='boost-1.85.0/libs/mpl/include/boost/mpl/aux_/preprocessed/gcc/map.hpp' l='148' ll='159'/>
<def f='boost-1.85.0/libs/mpl/include/boost/mpl/aux_/preprocessed/gcc/map.hpp' l='161' ll='173'/>
<def f='boost-1.85.0/libs/mpl/include/boost/mpl/aux_/preprocessed/gcc/map.hpp' l='175' ll='187'/>
<def f='boost-1.85.0/libs/mpl/include/boost/mpl/aux_/preprocessed/gcc/map.hpp' l='189' ll='201'/>
<def f='boost-1.85.0/libs/mpl/include/boost/mpl/aux_/preprocessed/gcc/map.hpp' l='203' ll='215'/>
<def f='boost-1.85.0/libs/mpl/include/boost/mpl/aux_/preprocessed/gcc/map.hpp' l='217' ll='231'/>
<def f='boost-1.85.0/libs/mpl/include/boost/mpl/aux_/preprocessed/gcc/map.hpp' l='233' ll='249'/>
<def f='boost-1.85.0/libs/mpl/include/boost/mpl/aux_/preprocessed/gcc/map.hpp' l='251' ll='267'/>
<def f='boost-1.85.0/libs/mpl/include/boost/mpl/aux_/preprocessed/gcc/map.hpp' l='269' ll='285'/>
<def f='boost-1.85.0/libs/mpl/include/boost/mpl/aux_/preprocessed/gcc/map.hpp' l='287' ll='303'/>
<def f='boost-1.85.0/libs/mpl/include/boost/mpl/aux_/preprocessed/gcc/map.hpp' l='313' ll='320'/>
<use f='boost-1.85.0/libs/proto/include/boost/proto/transform/when.hpp' l='243'/>
<size>1</size>
<use f='boost-1.85.0/libs/type_erasure/include/boost/type_erasure/register_binding.hpp' l='175' c='_ZN5boost12type_erasure16register_bindingEv'/>
