<inh f='boost-1.85.0/libs/serialization/include/boost/archive/detail/basic_serializer_map.hpp' l='38' c='boost::archive::detail::basic_serializer_map'/>
<def f='boost-1.85.0/libs/serialization/include/boost/archive/impl/archive_serializer_map.ipp' l='31' ll='32'/>
<use f='boost-1.85.0/libs/serialization/include/boost/archive/impl/archive_serializer_map.ipp' l='43' c='_ZN5boost7archive6detail22archive_serializer_map6insertEPKNS1_16basic_serializerE'/>
<use f='boost-1.85.0/libs/serialization/include/boost/archive/impl/archive_serializer_map.ipp' l='55' c='_ZN5boost7archive6detail22archive_serializer_map5eraseEPKNS1_16basic_serializerE'/>
<use f='boost-1.85.0/libs/serialization/include/boost/archive/impl/archive_serializer_map.ipp' l='59' c='_ZN5boost7archive6detail22archive_serializer_map5eraseEPKNS1_16basic_serializerE'/>
<use f='boost-1.85.0/libs/serialization/include/boost/archive/impl/archive_serializer_map.ipp' l='69' c='_ZN5boost7archive6detail22archive_serializer_map4findERKNS_13serialization18extended_type_infoE'/>
