<dec f='boost-1.85.0/libs/url/include/boost/url/detail/segments_iter_impl.hpp' l='26' type='boost::urls::detail::path_ref'/>
<offset>64</offset>
<use f='boost-1.85.0/libs/url/src/detail/segments_iter_impl.cpp' l='28' u='w' c='_ZN5boost4urls6detail18segments_iter_implC1ERKNS1_8path_refE'/>
<use f='boost-1.85.0/libs/url/src/detail/segments_iter_impl.cpp' l='30' u='m' c='_ZN5boost4urls6detail18segments_iter_implC1ERKNS1_8path_refE'/>
<use f='boost-1.85.0/libs/url/src/detail/segments_iter_impl.cpp' l='39' u='w' c='_ZN5boost4urls6detail18segments_iter_implC1ERKNS1_8path_refEi'/>
<use f='boost-1.85.0/libs/url/src/detail/segments_iter_impl.cpp' l='40' u='m' c='_ZN5boost4urls6detail18segments_iter_implC1ERKNS1_8path_refEi'/>
<use f='boost-1.85.0/libs/url/src/detail/segments_iter_impl.cpp' l='41' u='m' c='_ZN5boost4urls6detail18segments_iter_implC1ERKNS1_8path_refEi'/>
<use f='boost-1.85.0/libs/url/src/detail/segments_iter_impl.cpp' l='42' u='m' c='_ZN5boost4urls6detail18segments_iter_implC1ERKNS1_8path_refEi'/>
<use f='boost-1.85.0/libs/url/src/detail/segments_iter_impl.cpp' l='51' u='w' c='_ZN5boost4urls6detail18segments_iter_implC1ERKNS1_8url_implEmm'/>
<use f='boost-1.85.0/libs/url/src/detail/segments_iter_impl.cpp' l='57' u='m' c='_ZN5boost4urls6detail18segments_iter_implC1ERKNS1_8url_implEmm'/>
<use f='boost-1.85.0/libs/url/src/detail/segments_iter_impl.cpp' l='59' u='m' c='_ZN5boost4urls6detail18segments_iter_implC1ERKNS1_8url_implEmm'/>
<use f='boost-1.85.0/libs/url/src/detail/segments_iter_impl.cpp' l='72' u='m' c='_ZN5boost4urls6detail18segments_iter_impl6updateEv'/>
<use f='boost-1.85.0/libs/url/src/detail/segments_iter_impl.cpp' l='74' u='m' c='_ZN5boost4urls6detail18segments_iter_impl6updateEv'/>
<use f='boost-1.85.0/libs/url/src/detail/segments_iter_impl.cpp' l='89' u='m' c='_ZN5boost4urls6detail18segments_iter_impl6updateEv'/>
<use f='boost-1.85.0/libs/url/src/detail/segments_iter_impl.cpp' l='103' u='m' c='_ZN5boost4urls6detail18segments_iter_impl9incrementEv'/>
<use f='boost-1.85.0/libs/url/src/detail/segments_iter_impl.cpp' l='106' u='m' c='_ZN5boost4urls6detail18segments_iter_impl9incrementEv'/>
<use f='boost-1.85.0/libs/url/src/detail/segments_iter_impl.cpp' l='107' u='m' c='_ZN5boost4urls6detail18segments_iter_impl9incrementEv'/>
<use f='boost-1.85.0/libs/url/src/detail/segments_iter_impl.cpp' l='125' u='m' c='_ZN5boost4urls6detail18segments_iter_impl9incrementEv'/>
<use f='boost-1.85.0/libs/url/src/detail/segments_iter_impl.cpp' l='140' u='m' c='_ZN5boost4urls6detail18segments_iter_impl9decrementEv'/>
<use f='boost-1.85.0/libs/url/src/detail/segments_iter_impl.cpp' l='142' u='m' c='_ZN5boost4urls6detail18segments_iter_impl9decrementEv'/>
<use f='boost-1.85.0/libs/url/src/detail/segments_iter_impl.cpp' l='147' u='m' c='_ZN5boost4urls6detail18segments_iter_impl9decrementEv'/>
<use f='boost-1.85.0/libs/url/src/detail/segments_iter_impl.cpp' l='148' u='m' c='_ZN5boost4urls6detail18segments_iter_impl9decrementEv'/>
<use f='boost-1.85.0/libs/url/src/detail/segments_iter_impl.cpp' l='150' u='m' c='_ZN5boost4urls6detail18segments_iter_impl9decrementEv'/>
<use f='boost-1.85.0/libs/url/src/detail/segments_iter_impl.cpp' l='166' u='m' c='_ZN5boost4urls6detail18segments_iter_impl9decrementEv'/>
