<def f='boost-1.85.0/libs/log/include/boost/log/utility/setup/settings.hpp' l='115' ll='277'/>
<use f='boost-1.85.0/libs/log/include/boost/log/utility/setup/settings.hpp' l='154' c='_ZN5boost3log12v2s_mt_posix22basic_settings_section3refaSERKNS2_3refIXTL1__EEE'/>
<use f='boost-1.85.0/libs/log/include/boost/log/utility/setup/settings.hpp' l='319'/>
<use f='boost-1.85.0/libs/log/include/boost/log/utility/setup/settings.hpp' l='320'/>
<mbr r='boost::log::basic_settings_section::ref::m_section' t='boost::log::basic_settings_section::ref::section_type &amp;'/>
<mbr r='boost::log::basic_settings_section::ref::m_path' t='boost::log::basic_settings_section::path_type'/>
<fun r='_ZN5boost3log12v2s_mt_posix22basic_settings_section3refC1ERNS_11conditionalIXTL0__EKNS1_22basic_settings_sectionIT_EES8_E4typeERKNSt7__cxx1112basic_st1558384'/>
<fun r='_ZN5boost3log12v2s_mt_posix22basic_settings_section3refC1ERNS_11conditionalIXTL0__EKNS1_22basic_settings_sectionIT_EES8_E4typeEPKc'/>
<fun r='_ZN5boost3log12v2s_mt_posix22basic_settings_section3refixERKNSt7__cxx1112basic_stringIcSt11char_traitsIcESaIcEEE'/>
<fun r='_ZN5boost3log12v2s_mt_posix22basic_settings_section3refaSERKNSt7__cxx1112basic_stringIT_St11char_traitsIS6_ESaIS6_EEE'/>
<fun r='_ZN5boost3log12v2s_mt_posix22basic_settings_section3refaSERKNS2_3refIXTL1__EEE'/>
<fun r='_ZN5boost3log12v2s_mt_posix22basic_settings_section3refaSERKTL1__'/>
<fun r='_ZNK5boost3log12v2s_mt_posix22basic_settings_section3refntEv'/>
<fun r='_ZNK5boost3log12v2s_mt_posix22basic_settings_section3ref8get_nameB5cxx11Ev'/>
<fun r='_ZNK5boost3log12v2s_mt_posix22basic_settings_section3refcvNS_8optionalINSt7__cxx1112basic_stringIT_St11char_traitsIS7_ESaIS7_EEEEEEv'/>
<fun r='_ZNK5boost3log12v2s_mt_posix22basic_settings_section3ref3getB5cxx11Ev'/>
<fun r='_ZNK5boost3log12v2s_mt_posix22basic_settings_section3ref3getEv'/>
<fun r='_ZNK5boost3log12v2s_mt_posix22basic_settings_section3refcvNS_11conditionalIXTL0__EKNS1_22basic_settings_sectionIT_EES8_E4typeEEv'/>
<fun r='_ZNK5boost3log12v2s_mt_posix22basic_settings_section3ref11get_sectionEv'/>
<fun r='_ZNK5boost3log12v2s_mt_posix22basic_settings_section3ref10or_defaultB5cxx11ERKTL1__'/>
<fun r='_ZNK5boost3log12v2s_mt_posix22basic_settings_section3ref10or_defaultERKNSt7__cxx1112basic_stringIT_St11char_traitsIS6_ESaIS6_EEE'/>
<fun r='_ZNK5boost3log12v2s_mt_posix22basic_settings_section3ref10or_defaultEPKNSt7__cxx1112basic_stringIT_St11char_traitsIS6_ESaIS6_EE10value_typeE'/>
