<def f='include/c++/9/bits/stl_map.h' l='100' ll='1405'/>
<use f='include/c++/9/bits/stl_map.h' l='130'/>
<use f='include/c++/9/bits/stl_map.h' l='1398' c='_ZSteqRKSt3mapITL0__TL0_0_TL0_1_TL0_2_ES6_'/>
<use f='include/c++/9/bits/stl_map.h' l='1399' c='_ZSteqRKSt3mapITL0__TL0_0_TL0_1_TL0_2_ES6_'/>
<use f='include/c++/9/bits/stl_map.h' l='1403' c='_ZStltRKSt3mapITL0__TL0_0_TL0_1_TL0_2_ES6_'/>
<use f='include/c++/9/bits/stl_map.h' l='1404' c='_ZStltRKSt3mapITL0__TL0_0_TL0_1_TL0_2_ES6_'/>
<use f='include/c++/9/bits/stl_map.h' l='1455' c='_ZSteqRKSt3mapIT_T0_T1_T2_ES6_'/>
<use f='include/c++/9/bits/stl_map.h' l='1456' c='_ZSteqRKSt3mapIT_T0_T1_T2_ES6_'/>
<use f='include/c++/9/bits/stl_map.h' l='1472' c='_ZStltRKSt3mapIT_T0_T1_T2_ES6_'/>
<use f='include/c++/9/bits/stl_map.h' l='1473' c='_ZStltRKSt3mapIT_T0_T1_T2_ES6_'/>
<use f='include/c++/9/bits/stl_map.h' l='1479' c='_ZStneRKSt3mapIT_T0_T1_T2_ES6_'/>
<use f='include/c++/9/bits/stl_map.h' l='1480' c='_ZStneRKSt3mapIT_T0_T1_T2_ES6_'/>
<use f='include/c++/9/bits/stl_map.h' l='1486' c='_ZStgtRKSt3mapIT_T0_T1_T2_ES6_'/>
<use f='include/c++/9/bits/stl_map.h' l='1487' c='_ZStgtRKSt3mapIT_T0_T1_T2_ES6_'/>
<use f='include/c++/9/bits/stl_map.h' l='1493' c='_ZStleRKSt3mapIT_T0_T1_T2_ES6_'/>
<use f='include/c++/9/bits/stl_map.h' l='1494' c='_ZStleRKSt3mapIT_T0_T1_T2_ES6_'/>
<use f='include/c++/9/bits/stl_map.h' l='1500' c='_ZStgeRKSt3mapIT_T0_T1_T2_ES6_'/>
<use f='include/c++/9/bits/stl_map.h' l='1501' c='_ZStgeRKSt3mapIT_T0_T1_T2_ES6_'/>
<use f='include/c++/9/bits/stl_map.h' l='1507' c='_ZSt4swapRSt3mapIT_T0_T1_T2_ES5_'/>
<use f='include/c++/9/bits/stl_map.h' l='1508' c='_ZSt4swapRSt3mapIT_T0_T1_T2_ES5_'/>
<use f='boost-1.85.0/libs/exception/include/boost/exception/info.hpp' l='115'/>
<mbr r='std::map::_M_t' t='std::map::_Rep_type'/>
<fun r='_ZNSt3mapC1Ev'/>
<fun r='_ZNSt3mapC1ERKT1_RKT2_'/>
<fun r='_ZNSt3mapC1ERKSt3mapIT_T0_T1_T2_E'/>
<fun r='_ZNSt3mapC1EOSt3mapIT_T0_T1_T2_E'/>
<fun r='_ZNSt3mapC1ESt16initializer_listISt4pairIKT_T0_EERKT1_RKT2_'/>
<fun r='_ZNSt3mapC1ERKT2_'/>
<fun r='_ZNSt3mapC1ERKSt3mapIT_T0_T1_T2_ERKS4_'/>
<fun r='_ZNSt3mapC1EOSt3mapIT_T0_T1_T2_ERKS4_'/>
<fun r='_ZNSt3mapC1ESt16initializer_listISt4pairIKT_T0_EERKT2_'/>
<fun r='_ZNSt3mapC1ETL0__S0_RKT2_'/>
<fun r='_ZNSt3mapC1ETL0__S0_'/>
<fun r='_ZNSt3mapC1ETL0__S0_RKT1_RKT2_'/>
<fun r='_ZNSt3mapD1Ev'/>
<fun r='_ZNSt3mapaSERKSt3mapIT_T0_T1_T2_E'/>
<fun r='_ZNSt3mapaSEOSt3mapIT_T0_T1_T2_E'/>
<fun r='_ZNSt3mapaSESt16initializer_listISt4pairIKT_T0_EE'/>
<fun r='_ZNKSt3map13get_allocatorEv'/>
<fun r='_ZNSt3map5beginEv'/>
<fun r='_ZNKSt3map5beginEv'/>
<fun r='_ZNSt3map3endEv'/>
<fun r='_ZNKSt3map3endEv'/>
<fun r='_ZNSt3map6rbeginEv'/>
<fun r='_ZNKSt3map6rbeginEv'/>
<fun r='_ZNSt3map4rendEv'/>
<fun r='_ZNKSt3map4rendEv'/>
<fun r='_ZNKSt3map6cbeginEv'/>
<fun r='_ZNKSt3map4cendEv'/>
<fun r='_ZNKSt3map7crbeginEv'/>
<fun r='_ZNKSt3map5crendEv'/>
<fun r='_ZNKSt3map5emptyEv'/>
<fun r='_ZNKSt3map4sizeEv'/>
<fun r='_ZNKSt3map8max_sizeEv'/>
<fun r='_ZNSt3mapixERKT_'/>
<fun r='_ZNSt3mapixEOT_'/>
<fun r='_ZNSt3map2atERKT_'/>
<fun r='_ZNKSt3map2atERKT_'/>
<fun r='_ZNSt3map7emplaceEDpOTL0__'/>
<fun r='_ZNSt3map12emplace_hintENSt8_Rb_treeIT_St4pairIKS1_T0_ESt10_Select1stIS5_ET1_N9__gnu_cxx14__alloc_traitsIT2_NSB_10value_typeEE6rebindIS5_E5otherEE14co4045802'/>
<fun r='_ZNSt3map6insertERKSt4pairIKT_T0_E'/>
<fun r='_ZNSt3map6insertEOSt4pairIKT_T0_E'/>
<fun r='_ZNSt3map6insertEOTL0__'/>
<fun r='_ZNSt3map6insertESt16initializer_listISt4pairIKT_T0_EE'/>
<fun r='_ZNSt3map6insertENSt8_Rb_treeIT_St4pairIKS1_T0_ESt10_Select1stIS5_ET1_N9__gnu_cxx14__alloc_traitsIT2_NSB_10value_typeEE6rebindIS5_E5otherEE14const_iteratorERKS5_'/>
<fun r='_ZNSt3map6insertENSt8_Rb_treeIT_St4pairIKS1_T0_ESt10_Select1stIS5_ET1_N9__gnu_cxx14__alloc_traitsIT2_NSB_10value_typeEE6rebindIS5_E5otherEE14const_iteratorEOS5_'/>
<fun r='_ZNSt3map6insertENSt8_Rb_treeIT_St4pairIKS1_T0_ESt10_Select1stIS5_ET1_N9__gnu_cxx14__alloc_traitsIT2_NSB_10value_typeEE6rebindIS5_E5otherEE14const_iteratorEOTL0__'/>
<fun r='_ZNSt3map6insertETL0__S0_'/>
<fun r='_ZNSt3map5eraseENSt8_Rb_treeIT_St4pairIKS1_T0_ESt10_Select1stIS5_ET1_N9__gnu_cxx14__alloc_traitsIT2_NSB_10value_typeEE6rebindIS5_E5otherEE14const_iteratorE'/>
<fun r='_ZNSt3map5eraseB5cxx11ENSt8_Rb_treeIT_St4pairIKS1_T0_ESt10_Select1stIS5_ET1_N9__gnu_cxx14__alloc_traitsIT2_NSB_10value_typeEE6rebindIS5_E5otherEE8iteratorE'/>
<fun r='_ZNSt3map5eraseERKT_'/>
<fun r='_ZNSt3map5eraseENSt8_Rb_treeIT_St4pairIKS1_T0_ESt10_Select1stIS5_ET1_N9__gnu_cxx14__alloc_traitsIT2_NSB_10value_typeEE6rebindIS5_E5otherEE14const_iteratorESI_'/>
<fun r='_ZNSt3map4swapERSt3mapIT_T0_T1_T2_E'/>
<fun r='_ZNSt3map5clearEv'/>
<fun r='_ZNKSt3map8key_compEv'/>
<fun r='_ZNKSt3map10value_compEv'/>
<fun r='_ZNSt3map4findERKT_'/>
<fun r='_ZNSt3map4findERKTL0__'/>
<fun r='_ZNKSt3map4findERKT_'/>
<fun r='_ZNKSt3map4findERKTL0__'/>
<fun r='_ZNKSt3map5countERKT_'/>
<fun r='_ZNKSt3map5countERKTL0__'/>
<fun r='_ZNSt3map11lower_boundERKT_'/>
<fun r='_ZNSt3map11lower_boundERKTL0__'/>
<fun r='_ZNKSt3map11lower_boundERKT_'/>
<fun r='_ZNKSt3map11lower_boundERKTL0__'/>
<fun r='_ZNSt3map11upper_boundERKT_'/>
<fun r='_ZNSt3map11upper_boundERKTL0__'/>
<fun r='_ZNKSt3map11upper_boundERKT_'/>
<fun r='_ZNKSt3map11upper_boundERKTL0__'/>
<fun r='_ZNSt3map11equal_rangeERKT_'/>
<fun r='_ZNSt3map11equal_rangeERKTL0__'/>
<fun r='_ZNKSt3map11equal_rangeERKT_'/>
<fun r='_ZNKSt3map11equal_rangeERKTL0__'/>
<use f='boost-1.85.0/libs/fiber/include/boost/fiber/context.hpp' l='136'/>
<use f='include/c++/9/bits/regex_automaton.tcc' l='197' c='_ZNSt8__detail9_StateSeq8_M_cloneEv'/>
<use f='boost-1.85.0/libs/fiber/src/numa/linux/topology.cpp' l='155' c='_ZN5boost6fibers4numa8topologyEv'/>
<use f='boost-1.85.0/libs/graph/include/boost/graph/subgraph.hpp' l='360'/>
<use f='boost-1.85.0/libs/graph/include/boost/graph/subgraph.hpp' l='361'/>
<use f='boost-1.85.0/libs/graph/include/boost/pending/container_traits.hpp' l='248'/>
<use f='boost-1.85.0/libs/graph/include/boost/pending/container_traits.hpp' l='255' c='_ZN5boost12graph_detail18container_categoryERKSt3mapIT_T0_T1_T2_E'/>
<use f='boost-1.85.0/libs/graph/include/boost/pending/container_traits.hpp' l='261' c='_ZN5boost12graph_detail18iterator_stabilityERKSt3mapIT_T0_T1_T2_E'/>
<use f='boost-1.85.0/libs/graph/include/boost/graph/detail/adjacency_list.hpp' l='1889' c='_ZN5boost13adj_list_impl9copy_implERKNS_13adj_list_implIT_T0_T1_EE'/>
<use f='boost-1.85.0/libs/xpressive/include/boost/xpressive/detail/detail_fwd.hpp' l='41'/>
<use f='boost-1.85.0/libs/graph/include/boost/graph/graphviz.hpp' l='842'/>
<use f='boost-1.85.0/libs/graph/include/boost/graph/graphviz.hpp' l='843'/>
<use f='boost-1.85.0/libs/graph/include/boost/graph/graphviz.hpp' l='966'/>
<use f='boost-1.85.0/libs/graph/include/boost/graph/graphviz.hpp' l='967'/>
<use f='boost-1.85.0/libs/graph/include/boost/graph/detail/read_graphviz_new.hpp' l='52'/>
<use f='boost-1.85.0/libs/graph/include/boost/graph/detail/read_graphviz_new.hpp' l='89'/>
<use f='boost-1.85.0/libs/graph/include/boost/graph/detail/read_graphviz_new.hpp' l='91'/>
<use f='boost-1.85.0/libs/graph/include/boost/graph/graphml.hpp' l='280' c='_ZN5boost13write_graphmlERSoRKT_T0_RKNS_18dynamic_propertiesEb'/>
<use f='boost-1.85.0/libs/graph/include/boost/graph/graphml.hpp' l='281' c='_ZN5boost13write_graphmlERSoRKT_T0_RKNS_18dynamic_propertiesEb'/>
<use f='boost-1.85.0/libs/graph/include/boost/graph/graphml.hpp' l='282' c='_ZN5boost13write_graphmlERSoRKT_T0_RKNS_18dynamic_propertiesEb'/>
<use f='boost-1.85.0/libs/graph/src/graphml.cpp' l='222' c='_ZN12_GLOBAL__N_114graphml_reader13handle_vertexERKNSt7__cxx1112basic_stringIcSt11char_traitsIcESaIcEEE'/>
<use f='boost-1.85.0/libs/graph/src/graphml.cpp' l='254' c='_ZN12_GLOBAL__N_114graphml_reader11handle_edgeERKNSt7__cxx1112basic_stringIcSt11char_traitsIcESaIcEEES8_'/>
<use f='boost-1.85.0/libs/graph/src/graphml.cpp' l='264' c='_ZN12_GLOBAL__N_114graphml_reader12handle_graphEv'/>
<use f='boost-1.85.0/libs/graph/src/graphml.cpp' l='293'/>
<use f='boost-1.85.0/libs/graph/src/graphml.cpp' l='294'/>
<use f='boost-1.85.0/libs/graph/src/graphml.cpp' l='295'/>
<use f='boost-1.85.0/libs/graph/src/graphml.cpp' l='296'/>
<use f='boost-1.85.0/libs/graph/src/graphml.cpp' l='297'/>
<use f='boost-1.85.0/libs/regex/include/boost/regex/v5/object_cache.hpp' l='41'/>
<use f='boost-1.85.0/libs/regex/include/boost/regex/v5/cpp_regex_traits.hpp' l='203'/>
<use f='boost-1.85.0/libs/regex/include/boost/regex/v5/cpp_regex_traits.hpp' l='386' c='_ZNK5boost13re_detail_50031cpp_regex_traits_implementation12error_stringB5cxx11ENS_15regex_constants10error_typeE'/>
<use f='boost-1.85.0/libs/regex/include/boost/regex/v5/cpp_regex_traits.hpp' l='406'/>
<use f='boost-1.85.0/libs/regex/include/boost/regex/v5/cpp_regex_traits.hpp' l='407'/>
<use f='boost-1.85.0/libs/regex/include/boost/regex/v5/cpp_regex_traits.hpp' l='408'/>
<use f='boost-1.85.0/libs/regex/include/boost/regex/v5/cpp_regex_traits.hpp' l='584' c='_ZNK5boost13re_detail_50031cpp_regex_traits_implementation18lookup_collatenameB5cxx11EPKT_S4_'/>
<use f='boost-1.85.0/libs/regex/include/boost/regex/v5/cpp_regex_traits.hpp' l='715' c='_ZNK5boost13re_detail_50031cpp_regex_traits_implementation20lookup_classname_impEPKT_S4_'/>
<use f='boost-1.85.0/libs/graph/src/read_graphviz_new.cpp' l='527'/>
<use f='boost-1.85.0/libs/graph/src/read_graphviz_new.cpp' l='975' c='_ZN5boost20read_graphviz_detail6parser21get_recursive_membersERKNS0_13edge_endpointE'/>
<use f='boost-1.85.0/libs/graph/src/read_graphviz_new.cpp' l='1119' c='_ZN5boost20read_graphviz_detail26translate_results_to_graphERKNS0_13parser_resultEPNS_6detail5graph12mutate_graphE'/>
<use f='boost-1.85.0/libs/graph/src/read_graphviz_new.cpp' l='1146' c='_ZN5boost20read_graphviz_detail26translate_results_to_graphERKNS0_13parser_resultEPNS_6detail5graph12mutate_graphE'/>
<use f='boost-1.85.0/libs/thread/include/boost/thread/pthread/thread_data.hpp' l='123'/>
<use f='boost-1.85.0/libs/locale/src/boost/locale/shared/generator.cpp' l='23'/>
<use f='boost-1.85.0/libs/locale/src/boost/locale/shared/generator.cpp' l='35'/>
<use f='boost-1.85.0/libs/locale/src/boost/locale/shared/message.cpp' l='584'/>
<use f='boost-1.85.0/libs/log/src/global_logger_storage.cpp' l='46'/>
<use f='boost-1.85.0/libs/date_time/include/boost/date_time/date_parsing.hpp' l='98' c='_ZN5boost9date_time19month_str_to_ushortERKNSt7__cxx1112basic_stringIcSt11char_traitsIcESaIcEEE'/>
<use f='boost-1.85.0/libs/date_time/include/boost/date_time/date_parsing.hpp' l='113' c='_ZN5boost9date_time19month_str_to_ushortERKNSt7__cxx1112basic_stringIcSt11char_traitsIcESaIcEEE'/>
<use f='boost-1.85.0/libs/log/include/boost/log/utility/setup/formatter_parser.hpp' l='58'/>
<use f='boost-1.85.0/libs/log/src/setup/filter_parser.cpp' l='75'/>
<use f='boost-1.85.0/libs/log/src/setup/formatter_parser.cpp' l='82'/>
<use f='boost-1.85.0/libs/log/include/boost/log/sinks/attribute_mapping.hpp' l='180'/>
<use f='boost-1.85.0/libs/log/src/setup/init_from_settings.cpp' l='748'/>
<use f='boost-1.85.0/libs/program_options/include/boost/program_options/errors.hpp' l='108'/>
<use f='boost-1.85.0/libs/program_options/include/boost/program_options/errors.hpp' l='110'/>
<use f='boost-1.85.0/libs/program_options/include/boost/program_options/options_description.hpp' l='262'/>
<use f='boost-1.85.0/libs/program_options/src/value_semantic.cpp' l='329' c='_ZNK5boost15program_options22error_with_option_name23substitute_placeholdersERKNSt7__cxx1112basic_stringIcSt11char_traitsIcESaIcEEE'/>
<use f='boost-1.85.0/libs/program_options/src/value_semantic.cpp' l='337' c='_ZNK5boost15program_options22error_with_option_name23substitute_placeholdersERKNSt7__cxx1112basic_stringIcSt11char_traitsIcESaIcEEE'/>
<use f='boost-1.85.0/libs/program_options/src/value_semantic.cpp' l='351' c='_ZNK5boost15program_options22error_with_option_name23substitute_placeholdersERKNSt7__cxx1112basic_stringIcSt11char_traitsIcESaIcEEE'/>
<ovr f='boost-1.85.0/libs/program_options/include/boost/program_options/variables_map.hpp' l='146' c='boost::program_options::variables_map'/>
<use f='boost-1.85.0/libs/program_options/include/boost/program_options/variables_map.hpp' l='147'/>
<use f='boost-1.85.0/libs/program_options/include/boost/program_options/variables_map.hpp' l='180'/>
<use f='boost-1.85.0/libs/program_options/src/variables_map.cpp' l='35' c='_ZN5boost15program_options5storeERKNS0_20basic_parsed_optionsIcEERNS0_13variables_mapEb'/>
<use f='boost-1.85.0/libs/program_options/src/variables_map.cpp' l='197' c='_ZN5boost15program_options13variables_map5clearEv'/>
<use f='boost-1.85.0/libs/program_options/src/variables_map.cpp' l='217' c='_ZN5boost15program_options13variables_map6notifyEv'/>
<use f='boost-1.85.0/libs/program_options/src/variables_map.cpp' l='223' c='_ZN5boost15program_options13variables_map6notifyEv'/>
<use f='boost-1.85.0/libs/program_options/src/variables_map.cpp' l='232' c='_ZN5boost15program_options13variables_map6notifyEv'/>
<use f='boost-1.85.0/libs/test/include/boost/test/utils/runtime/argument.hpp' l='76'/>
<use f='boost-1.85.0/libs/test/include/boost/test/impl/debug.ipp' l='614'/>
<use f='boost-1.85.0/libs/test/include/boost/test/impl/framework.ipp' l='90'/>
<use f='boost-1.85.0/libs/test/include/boost/test/impl/framework.ipp' l='871'/>
<use f='boost-1.85.0/libs/test/include/boost/test/impl/framework.ipp' l='905'/>
<use f='boost-1.85.0/libs/test/include/boost/test/output/junit_log_formatter.hpp' l='143'/>
<use f='boost-1.85.0/libs/test/include/boost/test/utils/xml_printer.hpp' l='48' c='_ZN5boost9unit_test5utils13print_escapedERSoNS0_13basic_cstringIKcEE'/>
<use f='boost-1.85.0/libs/test/include/boost/test/utils/xml_printer.hpp' l='68' c='_ZN5boost9unit_test5utils13print_escapedERSoNS0_13basic_cstringIKcEE'/>
<use f='boost-1.85.0/libs/test/include/boost/test/impl/results_collector.ipp' l='143'/>
<use f='boost-1.85.0/libs/test/include/boost/test/impl/results_collector.ipp' l='158' c='_ZN5boost9unit_test12_GLOBAL__N_120clear_subtree_result5visitERKNS0_9test_unitE'/>
<use f='boost-1.85.0/libs/test/include/boost/test/utils/runtime/argument_factory.hpp' l='146' c='_ZNK5boost7runtime17value_interpreterIT_Lb1EE9interpretENS_9unit_test13basic_cstringIKcEES7_'/>
<use f='boost-1.85.0/libs/test/include/boost/test/utils/runtime/argument_factory.hpp' l='157'/>
<use f='boost-1.85.0/libs/test/include/boost/test/utils/runtime/parameter.hpp' l='486'/>
<use f='boost-1.85.0/libs/test/include/boost/test/utils/runtime/cla/parser.hpp' l='49'/>
<use f='boost-1.85.0/libs/test/include/boost/test/utils/runtime/cla/parser.hpp' l='449'/>
<use f='boost-1.85.0/libs/thread/src/pthread/thread.cpp' l='110' c='_ZN5boost6detail12_GLOBAL__N_114tls_destructorEPv'/>
<use f='boost-1.85.0/libs/thread/src/pthread/thread.cpp' l='721' c='_ZN5boost6detail13find_tss_dataEPKv'/>
<use f='boost-1.85.0/libs/type_erasure/src/dynamic_binding.cpp' l='24'/>
