<dec f='googletest-1.12.1/googletest/include/gtest/gtest-matchers.h' l='243' type='std::atomic&lt;int&gt;'/>
<use f='googletest-1.12.1/googletest/include/gtest/gtest-matchers.h' l='244' u='m' c='_ZN7testing8internal17SharedPayloadBase3RefEv'/>
<use f='googletest-1.12.1/googletest/include/gtest/gtest-matchers.h' l='245' u='m' c='_ZN7testing8internal17SharedPayloadBase5UnrefEv'/>
<offset>0</offset>
