<dec f='qtbase-6.5.0/src/3rdparty/harfbuzz-ng/src/hb-ot-shape.hh' l='153' type='hb_ot_map_builder_t'/>
<offset>320</offset>
<use f='qtbase-6.5.0/src/3rdparty/harfbuzz-ng/src/hb-ot-shaper.hh' l='195' u='m' c='_ZL23hb_ot_shaper_categorizePK21hb_ot_shape_planner_t'/>
<use f='qtbase-6.5.0/src/3rdparty/harfbuzz-ng/src/hb-ot-shaper.hh' l='238' u='m' c='_ZL23hb_ot_shaper_categorizePK21hb_ot_shape_planner_t'/>
<use f='qtbase-6.5.0/src/3rdparty/harfbuzz-ng/src/hb-ot-shaper.hh' l='239' u='m' c='_ZL23hb_ot_shaper_categorizePK21hb_ot_shape_planner_t'/>
<use f='qtbase-6.5.0/src/3rdparty/harfbuzz-ng/src/hb-ot-shaper.hh' l='241' u='m' c='_ZL23hb_ot_shaper_categorizePK21hb_ot_shape_planner_t'/>
<use f='qtbase-6.5.0/src/3rdparty/harfbuzz-ng/src/hb-ot-shaper.hh' l='257' u='m' c='_ZL23hb_ot_shaper_categorizePK21hb_ot_shape_planner_t'/>
<use f='qtbase-6.5.0/src/3rdparty/harfbuzz-ng/src/hb-ot-shaper.hh' l='258' u='m' c='_ZL23hb_ot_shaper_categorizePK21hb_ot_shape_planner_t'/>
<use f='qtbase-6.5.0/src/3rdparty/harfbuzz-ng/src/hb-ot-shaper.hh' l='259' u='m' c='_ZL23hb_ot_shaper_categorizePK21hb_ot_shape_planner_t'/>
<use f='qtbase-6.5.0/src/3rdparty/harfbuzz-ng/src/hb-ot-shaper.hh' l='394' u='m' c='_ZL23hb_ot_shaper_categorizePK21hb_ot_shape_planner_t'/>
<use f='qtbase-6.5.0/src/3rdparty/harfbuzz-ng/src/hb-ot-shaper.hh' l='395' u='m' c='_ZL23hb_ot_shaper_categorizePK21hb_ot_shape_planner_t'/>
<use f='qtbase-6.5.0/src/3rdparty/harfbuzz-ng/src/hb-ot-shape.cc' l='83' u='w' c='_ZN21hb_ot_shape_planner_tC1EP9hb_face_tRK23hb_segment_properties_t'/>
<use f='qtbase-6.5.0/src/3rdparty/harfbuzz-ng/src/hb-ot-shape.cc' l='106' u='m' c='_ZN21hb_ot_shape_planner_t7compileER18hb_ot_shape_plan_tRK22hb_ot_shape_plan_key_t'/>
<use f='qtbase-6.5.0/src/3rdparty/harfbuzz-ng/src/hb-ot-shape.cc' l='314' u='a' c='_ZL28hb_ot_shape_collect_featuresP21hb_ot_shape_planner_tPK12hb_feature_tj'/>
<use f='qtbase-6.5.0/src/3rdparty/harfbuzz-ng/src/hb-ot-shaper-arabic.cc' l='186' u='a' c='_ZL23collect_features_arabicP21hb_ot_shape_planner_t'/>
<use f='qtbase-6.5.0/src/3rdparty/harfbuzz-ng/src/hb-ot-shaper-hangul.cc' l='60' u='a' c='_ZL23collect_features_hangulP21hb_ot_shape_planner_t'/>
<use f='qtbase-6.5.0/src/3rdparty/harfbuzz-ng/src/hb-ot-shaper-hangul.cc' l='72' u='m' c='_ZL24override_features_hangulP21hb_ot_shape_planner_t'/>
<use f='qtbase-6.5.0/src/3rdparty/harfbuzz-ng/src/hb-ot-shaper-indic.cc' l='242' u='a' c='_ZL22collect_features_indicP21hb_ot_shape_planner_t'/>
<use f='qtbase-6.5.0/src/3rdparty/harfbuzz-ng/src/hb-ot-shaper-indic.cc' l='270' u='m' c='_ZL23override_features_indicP21hb_ot_shape_planner_t'/>
<use f='qtbase-6.5.0/src/3rdparty/harfbuzz-ng/src/hb-ot-shaper-indic.cc' l='271' u='m' c='_ZL23override_features_indicP21hb_ot_shape_planner_t'/>
<use f='qtbase-6.5.0/src/3rdparty/harfbuzz-ng/src/hb-ot-shaper-khmer.cc' l='104' u='a' c='_ZL22collect_features_khmerP21hb_ot_shape_planner_t'/>
<use f='qtbase-6.5.0/src/3rdparty/harfbuzz-ng/src/hb-ot-shaper-khmer.cc' l='137' u='a' c='_ZL23override_features_khmerP21hb_ot_shape_planner_t'/>
<use f='qtbase-6.5.0/src/3rdparty/harfbuzz-ng/src/hb-ot-shaper-myanmar.cc' l='113' u='a' c='_ZL24collect_features_myanmarP21hb_ot_shape_planner_t'/>
<use f='qtbase-6.5.0/src/3rdparty/harfbuzz-ng/src/hb-ot-shaper-use.cc' l='112' u='a' c='_ZL20collect_features_useP21hb_ot_shape_planner_t'/>
