<use f='qtbase-6.5.0/src/widgets/util/qcolormap.cpp' l='16' u='w' c='_ZN16QColormapPrivateC1Ev'/>
<dec f='qtbase-6.5.0/src/widgets/util/qcolormap.cpp' l='19' type='QAtomicInt'/>
<use f='qtbase-6.5.0/src/widgets/util/qcolormap.cpp' l='60' u='m' c='_ZN9QColormapC1Ev'/>
<use f='qtbase-6.5.0/src/widgets/util/qcolormap.cpp' l='64' u='m' c='_ZN9QColormapC1ERKS_'/>
<use f='qtbase-6.5.0/src/widgets/util/qcolormap.cpp' l='68' u='m' c='_ZN9QColormapD1Ev'/>
<offset>0</offset>
