<dec f='qtbase-6.5.0/src/corelib/text/qcollator_p.h' l='56' type='QAtomicInt'/>
<use f='qtbase-6.5.0/src/corelib/text/qcollator.cpp' l='101' u='m' c='_ZN9QCollatorC1ERKS_'/>
<use f='qtbase-6.5.0/src/corelib/text/qcollator.cpp' l='110' u='m' c='_ZN9QCollatorD1Ev'/>
<use f='qtbase-6.5.0/src/corelib/text/qcollator.cpp' l='120' u='m' c='_ZN9QCollatoraSERKS_'/>
<use f='qtbase-6.5.0/src/corelib/text/qcollator.cpp' l='126' u='m' c='_ZN9QCollatoraSERKS_'/>
<use f='qtbase-6.5.0/src/corelib/text/qcollator.cpp' l='164' u='m' c='_ZN9QCollator6detachEv'/>
<use f='qtbase-6.5.0/src/corelib/text/qcollator.cpp' l='166' u='m' c='_ZN9QCollator6detachEv'/>
<offset>0</offset>
