<dec f='qtbase-6.5.0/src/corelib/io/qsettings_p.h' l='133' type='QAtomicInt'/>
<use f='qtbase-6.5.0/src/corelib/io/qsettings.cpp' l='106' u='w' c='_ZN9QConfFileC1ERK7QStringb'/>
<use f='qtbase-6.5.0/src/corelib/io/qsettings.cpp' l='168' u='m' c='_ZN9QConfFile8fromNameERK7QStringb'/>
<use f='qtbase-6.5.0/src/corelib/io/qsettings.cpp' l='1124' u='m' c='_ZN24QConfFileSettingsPrivateD1Ev'/>
<offset>576</offset>
