<dec f='qtbase-6.5.0/src/gui/kernel/qcursor_p.h' l='36' type='QAtomicInt'/>
<use f='qtbase-6.5.0/src/gui/kernel/qcursor.cpp' l='428' u='m' c='_ZN7QCursorC1Ev'/>
<use f='qtbase-6.5.0/src/gui/kernel/qcursor.cpp' l='520' u='m' c='_ZN7QCursor8setShapeEN2Qt11CursorShapeE'/>
<use f='qtbase-6.5.0/src/gui/kernel/qcursor.cpp' l='524' u='m' c='_ZN7QCursor8setShapeEN2Qt11CursorShapeE'/>
<use f='qtbase-6.5.0/src/gui/kernel/qcursor.cpp' l='617' u='m' c='_ZN7QCursorC1ERKS_'/>
<use f='qtbase-6.5.0/src/gui/kernel/qcursor.cpp' l='626' u='m' c='_ZN7QCursorD1Ev'/>
<use f='qtbase-6.5.0/src/gui/kernel/qcursor.cpp' l='641' u='m' c='_ZN7QCursoraSERKS_'/>
<use f='qtbase-6.5.0/src/gui/kernel/qcursor.cpp' l='642' u='m' c='_ZN7QCursoraSERKS_'/>
<use f='qtbase-6.5.0/src/gui/kernel/qcursor.cpp' l='673' u='w' c='_ZN11QCursorDataC1EN2Qt11CursorShapeE'/>
<use f='qtbase-6.5.0/src/gui/kernel/qcursor.cpp' l='691' u='m' c='_ZN11QCursorData7cleanupEv'/>
<use f='qtbase-6.5.0/src/gui/kernel/qcursor.cpp' l='715' u='m' c='_ZN11QCursorData9setBitmapERK7QBitmapS2_iid'/>
<offset>0</offset>
