<dec f='qtbase-6.5.0/src/xml/dom/qdom_p.h' l='202' type='QMultiHash&lt;QString, QDomNodePrivate *&gt;'/>
<use f='qtbase-6.5.0/src/xml/dom/qdom.cpp' l='2525' u='m' c='_ZN23QDomNamedNodeMapPrivate5cloneEP15QDomNodePrivate'/>
<use f='qtbase-6.5.0/src/xml/dom/qdom.cpp' l='2526' u='m' c='_ZN23QDomNamedNodeMapPrivate5cloneEP15QDomNodePrivate'/>
<use f='qtbase-6.5.0/src/xml/dom/qdom.cpp' l='2541' u='m' c='_ZN23QDomNamedNodeMapPrivate8clearMapEv'/>
<use f='qtbase-6.5.0/src/xml/dom/qdom.cpp' l='2542' u='m' c='_ZN23QDomNamedNodeMapPrivate8clearMapEv'/>
<use f='qtbase-6.5.0/src/xml/dom/qdom.cpp' l='2546' u='m' c='_ZN23QDomNamedNodeMapPrivate8clearMapEv'/>
<use f='qtbase-6.5.0/src/xml/dom/qdom.cpp' l='2551' u='m' c='_ZNK23QDomNamedNodeMapPrivate9namedItemERK7QString'/>
<use f='qtbase-6.5.0/src/xml/dom/qdom.cpp' l='2552' u='m' c='_ZNK23QDomNamedNodeMapPrivate9namedItemERK7QString'/>
<use f='qtbase-6.5.0/src/xml/dom/qdom.cpp' l='2557' u='m' c='_ZNK23QDomNamedNodeMapPrivate11namedItemNSERK7QStringS2_'/>
<use f='qtbase-6.5.0/src/xml/dom/qdom.cpp' l='2559' u='m' c='_ZNK23QDomNamedNodeMapPrivate11namedItemNSERK7QStringS2_'/>
<use f='qtbase-6.5.0/src/xml/dom/qdom.cpp' l='2578' u='m' c='_ZN23QDomNamedNodeMapPrivate12setNamedItemEP15QDomNodePrivate'/>
<use f='qtbase-6.5.0/src/xml/dom/qdom.cpp' l='2581' u='m' c='_ZN23QDomNamedNodeMapPrivate12setNamedItemEP15QDomNodePrivate'/>
<use f='qtbase-6.5.0/src/xml/dom/qdom.cpp' l='2598' u='m' c='_ZN23QDomNamedNodeMapPrivate14setNamedItemNSEP15QDomNodePrivate'/>
<use f='qtbase-6.5.0/src/xml/dom/qdom.cpp' l='2617' u='m' c='_ZN23QDomNamedNodeMapPrivate15removeNamedItemERK7QString'/>
<use f='qtbase-6.5.0/src/xml/dom/qdom.cpp' l='2627' u='m' c='_ZNK23QDomNamedNodeMapPrivate4itemEi'/>
<use f='qtbase-6.5.0/src/xml/dom/qdom.cpp' l='2632' u='m' c='_ZNK23QDomNamedNodeMapPrivate6lengthEv'/>
<use f='qtbase-6.5.0/src/xml/dom/qdom.cpp' l='2637' u='m' c='_ZNK23QDomNamedNodeMapPrivate8containsERK7QString'/>
<use f='qtbase-6.5.0/src/xml/dom/qdom.cpp' l='2941' u='m' c='_ZN23QDomDocumentTypePrivateC1EPS_b'/>
<use f='qtbase-6.5.0/src/xml/dom/qdom.cpp' l='2944' u='m' c='_ZN23QDomDocumentTypePrivateC1EPS_b'/>
<use f='qtbase-6.5.0/src/xml/dom/qdom.cpp' l='2988' u='m' c='_ZN23QDomDocumentTypePrivate12insertBeforeEP15QDomNodePrivateS1_'/>
<use f='qtbase-6.5.0/src/xml/dom/qdom.cpp' l='2990' u='m' c='_ZN23QDomDocumentTypePrivate12insertBeforeEP15QDomNodePrivateS1_'/>
<use f='qtbase-6.5.0/src/xml/dom/qdom.cpp' l='3001' u='m' c='_ZN23QDomDocumentTypePrivate11insertAfterEP15QDomNodePrivateS1_'/>
<use f='qtbase-6.5.0/src/xml/dom/qdom.cpp' l='3003' u='m' c='_ZN23QDomDocumentTypePrivate11insertAfterEP15QDomNodePrivateS1_'/>
<use f='qtbase-6.5.0/src/xml/dom/qdom.cpp' l='3015' u='m' c='_ZN23QDomDocumentTypePrivate12replaceChildEP15QDomNodePrivateS1_'/>
<use f='qtbase-6.5.0/src/xml/dom/qdom.cpp' l='3017' u='m' c='_ZN23QDomDocumentTypePrivate12replaceChildEP15QDomNodePrivateS1_'/>
<use f='qtbase-6.5.0/src/xml/dom/qdom.cpp' l='3020' u='m' c='_ZN23QDomDocumentTypePrivate12replaceChildEP15QDomNodePrivateS1_'/>
<use f='qtbase-6.5.0/src/xml/dom/qdom.cpp' l='3022' u='m' c='_ZN23QDomDocumentTypePrivate12replaceChildEP15QDomNodePrivateS1_'/>
<use f='qtbase-6.5.0/src/xml/dom/qdom.cpp' l='3034' u='m' c='_ZN23QDomDocumentTypePrivate11removeChildEP15QDomNodePrivate'/>
<use f='qtbase-6.5.0/src/xml/dom/qdom.cpp' l='3036' u='m' c='_ZN23QDomDocumentTypePrivate11removeChildEP15QDomNodePrivate'/>
<use f='qtbase-6.5.0/src/xml/dom/qdom.cpp' l='3071' u='m' c='_ZNK23QDomDocumentTypePrivate4saveER11QTextStreamii'/>
<use f='qtbase-6.5.0/src/xml/dom/qdom.cpp' l='3072' u='m' c='_ZNK23QDomDocumentTypePrivate4saveER11QTextStreamii'/>
<use f='qtbase-6.5.0/src/xml/dom/qdom.cpp' l='3075' u='m' c='_ZNK23QDomDocumentTypePrivate4saveER11QTextStreamii'/>
<use f='qtbase-6.5.0/src/xml/dom/qdom.cpp' l='3076' u='m' c='_ZNK23QDomDocumentTypePrivate4saveER11QTextStreamii'/>
<use f='qtbase-6.5.0/src/xml/dom/qdom.cpp' l='4029' u='m' c='_ZNK18QDomElementPrivate4saveER11QTextStreamii'/>
<use f='qtbase-6.5.0/src/xml/dom/qdom.cpp' l='4046' u='m' c='_ZNK18QDomElementPrivate4saveER11QTextStreamii'/>
<use f='qtbase-6.5.0/src/xml/dom/qdom.cpp' l='4049' u='a' c='_ZNK18QDomElementPrivate4saveER11QTextStreamii'/>
<offset>64</offset>
