<dec f='qtbase-6.5.0/src/xml/dom/qdom_p.h' l='39' type='QAtomicInt'/>
<use f='qtbase-6.5.0/src/xml/dom/qdom.cpp' l='383' u='m' c='_ZN18QDomImplementationC1ERKS_'/>
<use f='qtbase-6.5.0/src/xml/dom/qdom.cpp' l='391' u='m' c='_ZN18QDomImplementationC1EP25QDomImplementationPrivate'/>
<use f='qtbase-6.5.0/src/xml/dom/qdom.cpp' l='400' u='m' c='_ZN18QDomImplementationaSERKS_'/>
<use f='qtbase-6.5.0/src/xml/dom/qdom.cpp' l='401' u='m' c='_ZN18QDomImplementationaSERKS_'/>
<use f='qtbase-6.5.0/src/xml/dom/qdom.cpp' l='430' u='m' c='_ZN18QDomImplementationD1Ev'/>
<offset>0</offset>
