<dec f='qtbase-6.5.0/src/xml/dom/qdom_p.h' l='116' type='QAtomicInt'/>
<use f='qtbase-6.5.0/src/xml/dom/qdom.cpp' l='510' u='m' c='_ZN18QDomImplementation18createDocumentTypeERK7QStringS2_S2_'/>
<use f='qtbase-6.5.0/src/xml/dom/qdom.cpp' l='611' u='m' c='_ZN19QDomNodeListPrivateC1EP15QDomNodePrivate'/>
<use f='qtbase-6.5.0/src/xml/dom/qdom.cpp' l='620' u='m' c='_ZN19QDomNodeListPrivateC1EP15QDomNodePrivateRK7QString'/>
<use f='qtbase-6.5.0/src/xml/dom/qdom.cpp' l='630' u='m' c='_ZN19QDomNodeListPrivateC1EP15QDomNodePrivateRK7QStringS4_'/>
<use f='qtbase-6.5.0/src/xml/dom/qdom.cpp' l='638' u='m' c='_ZN19QDomNodeListPrivateD1Ev'/>
<use f='qtbase-6.5.0/src/xml/dom/qdom.cpp' l='902' u='w' c='_ZN15QDomNodePrivateC1EP19QDomDocumentPrivatePS_'/>
<use f='qtbase-6.5.0/src/xml/dom/qdom.cpp' l='917' u='w' c='_ZN15QDomNodePrivateC1EPS_b'/>
<use f='qtbase-6.5.0/src/xml/dom/qdom.cpp' l='947' u='m' c='_ZN15QDomNodePrivateD1Ev'/>
<use f='qtbase-6.5.0/src/xml/dom/qdom.cpp' l='964' u='m' c='_ZN15QDomNodePrivate5clearEv'/>
<use f='qtbase-6.5.0/src/xml/dom/qdom.cpp' l='1044' u='m' c='_ZN15QDomNodePrivate12insertBeforeEPS_S0_'/>
<use f='qtbase-6.5.0/src/xml/dom/qdom.cpp' l='1142' u='m' c='_ZN15QDomNodePrivate11insertAfterEPS_S0_'/>
<use f='qtbase-6.5.0/src/xml/dom/qdom.cpp' l='1229' u='m' c='_ZN15QDomNodePrivate12replaceChildEPS_S0_'/>
<use f='qtbase-6.5.0/src/xml/dom/qdom.cpp' l='1236' u='m' c='_ZN15QDomNodePrivate12replaceChildEPS_S0_'/>
<use f='qtbase-6.5.0/src/xml/dom/qdom.cpp' l='1262' u='m' c='_ZN15QDomNodePrivate12replaceChildEPS_S0_'/>
<use f='qtbase-6.5.0/src/xml/dom/qdom.cpp' l='1298' u='m' c='_ZN15QDomNodePrivate11removeChildEPS_'/>
<use f='qtbase-6.5.0/src/xml/dom/qdom.cpp' l='1325' u='m' c='_ZN15QDomNodePrivate9cloneNodeEb'/>
<use f='qtbase-6.5.0/src/xml/dom/qdom.cpp' l='1487' u='m' c='_ZN8QDomNodeC1ERKS_'/>
<use f='qtbase-6.5.0/src/xml/dom/qdom.cpp' l='1497' u='m' c='_ZN8QDomNodeC1EP15QDomNodePrivate'/>
<use f='qtbase-6.5.0/src/xml/dom/qdom.cpp' l='1510' u='m' c='_ZN8QDomNodeaSERKS_'/>
<use f='qtbase-6.5.0/src/xml/dom/qdom.cpp' l='1511' u='m' c='_ZN8QDomNodeaSERKS_'/>
<use f='qtbase-6.5.0/src/xml/dom/qdom.cpp' l='1556' u='m' c='_ZN8QDomNodeD1Ev'/>
<use f='qtbase-6.5.0/src/xml/dom/qdom.cpp' l='2102' u='m' c='_ZN8QDomNode5clearEv'/>
<use f='qtbase-6.5.0/src/xml/dom/qdom.cpp' l='2543' u='m' c='_ZN23QDomNamedNodeMapPrivate8clearMapEv'/>
<use f='qtbase-6.5.0/src/xml/dom/qdom.cpp' l='2580' u='m' c='_ZN23QDomNamedNodeMapPrivate12setNamedItemEP15QDomNodePrivate'/>
<use f='qtbase-6.5.0/src/xml/dom/qdom.cpp' l='2597' u='m' c='_ZN23QDomNamedNodeMapPrivate14setNamedItemNSEP15QDomNodePrivate'/>
<use f='qtbase-6.5.0/src/xml/dom/qdom.cpp' l='2619' u='m' c='_ZN23QDomNamedNodeMapPrivate15removeNamedItemERK7QString'/>
<use f='qtbase-6.5.0/src/xml/dom/qdom.cpp' l='2978' u='m' c='_ZN23QDomDocumentTypePrivate9cloneNodeEb'/>
<use f='qtbase-6.5.0/src/xml/dom/qdom.cpp' l='3253' u='m' c='_ZN27QDomDocumentFragmentPrivate9cloneNodeEb'/>
<use f='qtbase-6.5.0/src/xml/dom/qdom.cpp' l='3352' u='m' c='_ZN24QDomCharacterDataPrivate9cloneNodeEb'/>
<use f='qtbase-6.5.0/src/xml/dom/qdom.cpp' l='3578' u='m' c='_ZN15QDomAttrPrivate12setNodeValueERK7QString'/>
<use f='qtbase-6.5.0/src/xml/dom/qdom.cpp' l='3581' u='m' c='_ZN15QDomAttrPrivate12setNodeValueERK7QString'/>
<use f='qtbase-6.5.0/src/xml/dom/qdom.cpp' l='3591' u='m' c='_ZN15QDomAttrPrivate9cloneNodeEb'/>
<use f='qtbase-6.5.0/src/xml/dom/qdom.cpp' l='3870' u='m' c='_ZN18QDomElementPrivate9cloneNodeEb'/>
<use f='qtbase-6.5.0/src/xml/dom/qdom.cpp' l='3901' u='m' c='_ZN18QDomElementPrivate12setAttributeERK7QStringS2_'/>
<use f='qtbase-6.5.0/src/xml/dom/qdom.cpp' l='3919' u='m' c='_ZN18QDomElementPrivate14setAttributeNSERK7QStringS2_S2_'/>
<use f='qtbase-6.5.0/src/xml/dom/qdom.cpp' l='3930' u='m' c='_ZN18QDomElementPrivate15removeAttributeERK7QString'/>
<use f='qtbase-6.5.0/src/xml/dom/qdom.cpp' l='4659' u='m' c='_ZN15QDomTextPrivate9cloneNodeEb'/>
<use f='qtbase-6.5.0/src/xml/dom/qdom.cpp' l='4793' u='m' c='_ZN18QDomCommentPrivate9cloneNodeEb'/>
<use f='qtbase-6.5.0/src/xml/dom/qdom.cpp' l='4902' u='m' c='_ZN23QDomCDATASectionPrivate9cloneNodeEb'/>
<use f='qtbase-6.5.0/src/xml/dom/qdom.cpp' l='5012' u='m' c='_ZN19QDomNotationPrivate9cloneNodeEb'/>
<use f='qtbase-6.5.0/src/xml/dom/qdom.cpp' l='5157' u='m' c='_ZN17QDomEntityPrivate9cloneNodeEb'/>
<use f='qtbase-6.5.0/src/xml/dom/qdom.cpp' l='5357' u='m' c='_ZN26QDomEntityReferencePrivate9cloneNodeEb'/>
<use f='qtbase-6.5.0/src/xml/dom/qdom.cpp' l='5473' u='m' c='_ZN32QDomProcessingInstructionPrivate9cloneNodeEb'/>
<use f='qtbase-6.5.0/src/xml/dom/qdom.cpp' l='5612' u='m' c='_ZN19QDomDocumentPrivateC1Ev'/>
<use f='qtbase-6.5.0/src/xml/dom/qdom.cpp' l='5623' u='m' c='_ZN19QDomDocumentPrivateC1ERK7QString'/>
<use f='qtbase-6.5.0/src/xml/dom/qdom.cpp' l='5638' u='m' c='_ZN19QDomDocumentPrivateC1EP23QDomDocumentTypePrivate'/>
<use f='qtbase-6.5.0/src/xml/dom/qdom.cpp' l='5670' u='m' c='_ZN19QDomDocumentPrivate10setContentEP16QXmlStreamReader6QFlagsIN12QDomDocument11ParseOptionEE'/>
<use f='qtbase-6.5.0/src/xml/dom/qdom.cpp' l='5689' u='m' c='_ZN19QDomDocumentPrivate9cloneNodeEb'/>
<use f='qtbase-6.5.0/src/xml/dom/qdom.cpp' l='5710' u='m' c='_ZN19QDomDocumentPrivate13createElementERK7QString'/>
<use f='qtbase-6.5.0/src/xml/dom/qdom.cpp' l='5722' u='m' c='_ZN19QDomDocumentPrivate15createElementNSERK7QStringS2_'/>
<use f='qtbase-6.5.0/src/xml/dom/qdom.cpp' l='5729' u='m' c='_ZN19QDomDocumentPrivate22createDocumentFragmentEv'/>
<use f='qtbase-6.5.0/src/xml/dom/qdom.cpp' l='5741' u='m' c='_ZN19QDomDocumentPrivate14createTextNodeERK7QString'/>
<use f='qtbase-6.5.0/src/xml/dom/qdom.cpp' l='5753' u='m' c='_ZN19QDomDocumentPrivate13createCommentERK7QString'/>
<use f='qtbase-6.5.0/src/xml/dom/qdom.cpp' l='5765' u='m' c='_ZN19QDomDocumentPrivate18createCDATASectionERK7QString'/>
<use f='qtbase-6.5.0/src/xml/dom/qdom.cpp' l='5782' u='m' c='_ZN19QDomDocumentPrivate27createProcessingInstructionERK7QStringS2_'/>
<use f='qtbase-6.5.0/src/xml/dom/qdom.cpp' l='5793' u='m' c='_ZN19QDomDocumentPrivate15createAttributeERK7QString'/>
<use f='qtbase-6.5.0/src/xml/dom/qdom.cpp' l='5805' u='m' c='_ZN19QDomDocumentPrivate17createAttributeNSERK7QStringS2_'/>
<use f='qtbase-6.5.0/src/xml/dom/qdom.cpp' l='5817' u='m' c='_ZN19QDomDocumentPrivate21createEntityReferenceERK7QString'/>
<use f='qtbase-6.5.0/src/xml/dom/qdom.cpp' l='5866' u='m' c='_ZN19QDomDocumentPrivate10importNodeEP15QDomNodePrivateb'/>
<offset>64</offset>
<doc f='qtbase-6.5.0/src/xml/dom/qdom_p.h' l='115'>// Variables</doc>
<use f='qtbase-6.5.0/src/xml/dom/qdomhelpers.cpp' l='133' u='m' c='_ZN11QDomBuilder10charactersERK7QStringb'/>
<use f='qtbase-6.5.0/src/xml/dom/qdomhelpers.cpp' l='201' u='m' c='_ZN11QDomBuilder18unparsedEntityDeclERK7QStringS2_S2_S2_'/>
<use f='qtbase-6.5.0/src/xml/dom/qdomhelpers.cpp' l='217' u='m' c='_ZN11QDomBuilder12notationDeclERK7QStringS2_S2_'/>
