<dec f='qtbase-6.5.0/src/gui/text/qfontengine_p.h' l='269' type='QAtomicInt'/>
<offset>96</offset>
<use f='qtbase-6.5.0/src/gui/text/qrawfont_p.h' l='48' u='m' c='_ZN15QRawFontPrivateC1ERKS_'/>
<use f='qtbase-6.5.0/src/gui/text/qrawfont_p.h' l='82' u='m' c='_ZN15QRawFontPrivate13setFontEngineEP11QFontEngine'/>
<use f='qtbase-6.5.0/src/gui/text/qrawfont_p.h' l='92' u='m' c='_ZN15QRawFontPrivate13setFontEngineEP11QFontEngine'/>
<use f='qtbase-6.5.0/src/gui/text/qfontsubset_p.h' l='29' u='m' c='_ZN11QFontSubsetC1EP11QFontEnginej'/>
<use f='qtbase-6.5.0/src/gui/text/qfontsubset_p.h' l='35' u='m' c='_ZN11QFontSubsetD1Ev'/>
<use f='qtbase-6.5.0/src/gui/text/qdistancefield.cpp' l='751' u='m' c='_Z24qt_fontHasNarrowOutlinesP11QFontEngine'/>
<use f='qtbase-6.5.0/src/gui/text/qfont.cpp' l='362' u='m' c='_ZN15QFontEngineDataD1Ev'/>
<use f='qtbase-6.5.0/src/gui/text/qfont.cpp' l='2860' u='m' c='_ZN10QFontCache5clearEv'/>
<use f='qtbase-6.5.0/src/gui/text/qfont.cpp' l='2889' u='m' c='_ZN10QFontCache5clearEv'/>
<use f='qtbase-6.5.0/src/gui/text/qfont.cpp' l='2895' u='m' c='_ZN10QFontCache5clearEv'/>
<use f='qtbase-6.5.0/src/gui/text/qfont.cpp' l='2965' u='m' c='_ZN10QFontCache26updateHitCountAndTimeStampERNS_6EngineE'/>
<use f='qtbase-6.5.0/src/gui/text/qfont.cpp' l='2982' u='m' c='_ZN10QFontCache12insertEngineERKNS_3KeyEP11QFontEngineb'/>
<use f='qtbase-6.5.0/src/gui/text/qfont.cpp' l='3083' u='m' c='_ZN10QFontCache13decreaseCacheEv'/>
<use f='qtbase-6.5.0/src/gui/text/qfont.cpp' l='3086' u='m' c='_ZN10QFontCache13decreaseCacheEv'/>
<use f='qtbase-6.5.0/src/gui/text/qfont.cpp' l='3167' u='m' c='_ZN10QFontCache13decreaseCacheEv'/>
<use f='qtbase-6.5.0/src/gui/text/qfont.cpp' l='3181' u='m' c='_ZN10QFontCache13decreaseCacheEv'/>
<use f='qtbase-6.5.0/src/gui/text/qfont.cpp' l='3189' u='m' c='_ZN10QFontCache13decreaseCacheEv'/>
<use f='qtbase-6.5.0/src/gui/text/qfont.cpp' l='3196' u='m' c='_ZN10QFontCache13decreaseCacheEv'/>
<use f='qtbase-6.5.0/src/gui/text/qfontdatabase.cpp' l='762' u='m' c='_ZN20QFontDatabasePrivate16loadSingleEngineEiRK8QFontDefP12QtFontFamilyP13QtFontFoundryP11QtFontStyleP10QtFontSize'/>
<use f='qtbase-6.5.0/src/gui/text/qfontdatabase.cpp' l='2563' u='m' c='_ZN20QFontDatabasePrivate4loadEPK12QFontPrivatei'/>
<use f='qtbase-6.5.0/src/gui/text/qfontdatabase.cpp' l='2581' u='m' c='_ZN20QFontDatabasePrivate4loadEPK12QFontPrivatei'/>
<use f='qtbase-6.5.0/src/gui/text/qfontdatabase.cpp' l='2586' u='m' c='_ZN20QFontDatabasePrivate4loadEPK12QFontPrivatei'/>
<use f='qtbase-6.5.0/src/gui/text/qfontengine.cpp' l='101' u='w' c='_ZN11QFontEngineC1ENS_4TypeE'/>
<use f='qtbase-6.5.0/src/gui/text/qfontengine.cpp' l='1706' u='m' c='_ZN16QFontEngineMultiC1EP11QFontEngineiRK5QListI7QStringE'/>
<use f='qtbase-6.5.0/src/gui/text/qfontengine.cpp' l='1717' u='m' c='_ZN16QFontEngineMultiD1Ev'/>
<use f='qtbase-6.5.0/src/gui/text/qfontengine.cpp' l='1744' u='m' c='_ZN16QFontEngineMulti23setFallbackFamiliesListERK5QListI7QStringE'/>
<use f='qtbase-6.5.0/src/gui/text/qfontengine.cpp' l='1764' u='m' c='_ZN16QFontEngineMulti14ensureEngineAtEi'/>
<use f='qtbase-6.5.0/src/gui/text/qtextengine.cpp' l='1855' u='m' c='_ZL23releaseCachedFontEngineP11QFontEngine'/>
<use f='qtbase-6.5.0/src/gui/text/qtextengine.cpp' l='2264' u='m' c='_ZNK11QTextEngine10fontEngineERK11QScriptItemP6QFixedS4_S4_'/>
<use f='qtbase-6.5.0/src/gui/text/qtextengine.cpp' l='2281' u='m' c='_ZNK11QTextEngine10fontEngineERK11QScriptItemP6QFixedS4_S4_'/>
<use f='qtbase-6.5.0/src/gui/text/qtextengine.cpp' l='2283' u='m' c='_ZNK11QTextEngine10fontEngineERK11QScriptItemP6QFixedS4_S4_'/>
<use f='qtbase-6.5.0/src/gui/text/qtextengine.cpp' l='2286' u='m' c='_ZNK11QTextEngine10fontEngineERK11QScriptItemP6QFixedS4_S4_'/>
<use f='qtbase-6.5.0/src/gui/text/qtextengine.cpp' l='2313' u='m' c='_ZNK11QTextEngine10fontEngineERK11QScriptItemP6QFixedS4_S4_'/>
<use f='qtbase-6.5.0/src/gui/text/qtextengine.cpp' l='2323' u='m' c='_ZNK11QTextEngine10fontEngineERK11QScriptItemP6QFixedS4_S4_'/>
<use f='qtbase-6.5.0/src/gui/text/qtextengine.cpp' l='2344' u='m' c='_ZNK11QTextEngine10fontEngineERK11QScriptItemP6QFixedS4_S4_'/>
