<dec f='qtbase-6.5.0/src/gui/text/qfont_p.h' l='153' type='QAtomicInt'/>
<offset>0</offset>
<use f='qtbase-6.5.0/src/gui/text/qfont.cpp' l='219' u='m' c='_ZN12QFontPrivateC1ERKS_'/>
<use f='qtbase-6.5.0/src/gui/text/qfont.cpp' l='228' u='m' c='_ZN12QFontPrivateD1Ev'/>
<use f='qtbase-6.5.0/src/gui/text/qfont.cpp' l='280' u='m' c='_ZNK12QFontPrivate20smallCapsFontPrivateEv'/>
<use f='qtbase-6.5.0/src/gui/text/qfont.cpp' l='617' u='m' c='_ZN5QFont6detachEv'/>
<use f='qtbase-6.5.0/src/gui/text/qfont.cpp' l='622' u='m' c='_ZN5QFont6detachEv'/>
<use f='qtbase-6.5.0/src/gui/text/qfont.cpp' l='640' u='m' c='_ZN12QFontPrivate23detachButKeepEngineDataEP5QFont'/>
