<dec f='qtbase-6.5.0/src/gui/rhi/qrhigles2_p_p.h' l='357' type='quint32'/>
<offset>0</offset>
<use f='qtbase-6.5.0/src/gui/rhi/qrhigles2.cpp' l='1826' u='w' c='_ZN9QRhiGles213setStencilRefEP17QRhiCommandBufferj'/>
<use f='qtbase-6.5.0/src/gui/rhi/qrhigles2.cpp' l='2834' u='r' c='_ZN9QRhiGles220executeCommandBufferEP17QRhiCommandBuffer'/>
