<use f='qtbase-6.5.0/src/gui/kernel/qkeysequence_p.h' l='39' u='w' c='_ZN19QKeySequencePrivateC1Ev'/>
<use f='qtbase-6.5.0/src/gui/kernel/qkeysequence_p.h' l='40' u='w' c='_ZN19QKeySequencePrivateC1ERKS_'/>
<dec f='qtbase-6.5.0/src/gui/kernel/qkeysequence_p.h' l='45' type='QAtomicInt'/>
<use f='qtbase-6.5.0/src/gui/kernel/qkeysequence.cpp' l='789' u='m' c='_ZN12QKeySequenceC1ENS_11StandardKeyE'/>
<use f='qtbase-6.5.0/src/gui/kernel/qkeysequence.cpp' l='803' u='m' c='_ZN12QKeySequenceC1Ev'/>
<use f='qtbase-6.5.0/src/gui/kernel/qkeysequence.cpp' l='866' u='m' c='_ZN12QKeySequenceC1ERKS_'/>
<use f='qtbase-6.5.0/src/gui/kernel/qkeysequence.cpp' l='888' u='m' c='_ZN12QKeySequenceD1Ev'/>
<use f='qtbase-6.5.0/src/gui/kernel/qkeysequence.cpp' l='1489' u='m' c='_ZNK12QKeySequence10isDetachedEv'/>
<offset>0</offset>
