<dec f='qtbase-6.5.0/src/widgets/itemviews/qlistview.h' l='35' type='2'/>
<use f='qtbase-6.5.0/src/widgets/itemviews/qlistview.cpp' l='2933' u='r' c='_ZN17QIconModeViewBase15filterDropEventEP10QDropEvent'/>
<use f='qtbase-6.5.0/src/widgets/itemviews/qlistview.cpp' l='2990' u='r' c='_ZN17QIconModeViewBase19filterDragMoveEventEP14QDragMoveEvent'/>
<use f='qtbase-6.5.0/src/widgets/itemviews/qlistview.cpp' l='3352' u='r' c='_ZNK17QIconModeViewBase17draggedItemsDeltaEv'/>
<doc f='qtbase-6.5.0/src/widgets/itemviews/qlistview.cpp' l='106'>\value Snap The items snap to the specified grid when moved; see
  setGridSize().</doc>
