<dec f='qtbase-6.5.0/src/corelib/kernel/qobject_p_p.h' l='131' type='QAtomicInt'/>
<use f='qtbase-6.5.0/src/corelib/kernel/qobject_p_p.h' l='139' u='m' c='_ZN14QObjectPrivate14ConnectionDataD1Ev'/>
<use f='qtbase-6.5.0/src/corelib/kernel/qobject_p_p.h' l='162' u='m' c='_ZN14QObjectPrivate14ConnectionData24cleanOrphanedConnectionsEP7QObjectNS0_10LockPolicyE'/>
<use f='qtbase-6.5.0/src/corelib/kernel/qobject.cpp' l='289' u='m' c='_ZN14QObjectPrivate20ensureConnectionDataEv'/>
<use f='qtbase-6.5.0/src/corelib/kernel/qobject.cpp' l='405' u='m' c='_ZN14QObjectPrivate14ConnectionData28cleanOrphanedConnectionsImplEP7QObjectNS0_10LockPolicyE'/>
<use f='qtbase-6.5.0/src/corelib/kernel/qobject.cpp' l='1107' u='m' c='_ZN7QObjectD1Ev'/>
<offset>32</offset>
