<use f='qtbase-6.5.0/src/opengl/qopenglbuffer.cpp' l='108' u='w' c='_ZN20QOpenGLBufferPrivateC1EN13QOpenGLBuffer4TypeE'/>
<dec f='qtbase-6.5.0/src/opengl/qopenglbuffer.cpp' l='117' type='QAtomicInt'/>
<use f='qtbase-6.5.0/src/opengl/qopenglbuffer.cpp' l='160' u='m' c='_ZN13QOpenGLBufferC1ERKS_'/>
<use f='qtbase-6.5.0/src/opengl/qopenglbuffer.cpp' l='169' u='m' c='_ZN13QOpenGLBufferD1Ev'/>
<use f='qtbase-6.5.0/src/opengl/qopenglbuffer.cpp' l='184' u='m' c='_ZN13QOpenGLBufferaSERKS_'/>
<use f='qtbase-6.5.0/src/opengl/qopenglbuffer.cpp' l='185' u='m' c='_ZN13QOpenGLBufferaSERKS_'/>
<offset>0</offset>
