<use f='qtbase-6.5.0/src/opengl/qopenglframebufferobject_p.h' l='29' u='w' c='_ZN37QOpenGLFramebufferObjectFormatPrivateC1Ev'/>
<use f='qtbase-6.5.0/src/opengl/qopenglframebufferobject_p.h' l='48' u='w' c='_ZN37QOpenGLFramebufferObjectFormatPrivateC1EPKS_'/>
<dec f='qtbase-6.5.0/src/opengl/qopenglframebufferobject_p.h' l='65' type='QAtomicInt'/>
<use f='qtbase-6.5.0/src/opengl/qopenglframebufferobject.cpp' l='180' u='m' c='_ZN30QOpenGLFramebufferObjectFormat6detachEv'/>
<use f='qtbase-6.5.0/src/opengl/qopenglframebufferobject.cpp' l='183' u='m' c='_ZN30QOpenGLFramebufferObjectFormat6detachEv'/>
<use f='qtbase-6.5.0/src/opengl/qopenglframebufferobject.cpp' l='212' u='m' c='_ZN30QOpenGLFramebufferObjectFormatC1ERKS_'/>
<use f='qtbase-6.5.0/src/opengl/qopenglframebufferobject.cpp' l='222' u='m' c='_ZN30QOpenGLFramebufferObjectFormataSERKS_'/>
<use f='qtbase-6.5.0/src/opengl/qopenglframebufferobject.cpp' l='223' u='m' c='_ZN30QOpenGLFramebufferObjectFormataSERKS_'/>
<use f='qtbase-6.5.0/src/opengl/qopenglframebufferobject.cpp' l='235' u='m' c='_ZN30QOpenGLFramebufferObjectFormatD1Ev'/>
<offset>0</offset>
