<dec f='qtbase-6.5.0/src/corelib/itemmodels/qabstractitemmodel_p.h' l='35' type='QAtomicInt'/>
<use f='qtbase-6.5.0/src/corelib/itemmodels/qabstractitemmodel.cpp' l='50' u='m' c='_ZN25QPersistentModelIndexData7destroyEPS_'/>
<use f='qtbase-6.5.0/src/corelib/itemmodels/qabstractitemmodel.cpp' l='345' u='m' c='_ZN21QPersistentModelIndexC1ERKS_'/>
<use f='qtbase-6.5.0/src/corelib/itemmodels/qabstractitemmodel.cpp' l='357' u='m' c='_ZN21QPersistentModelIndexC1ERK11QModelIndex'/>
<use f='qtbase-6.5.0/src/corelib/itemmodels/qabstractitemmodel.cpp' l='369' u='m' c='_ZN21QPersistentModelIndexD1Ev'/>
<use f='qtbase-6.5.0/src/corelib/itemmodels/qabstractitemmodel.cpp' l='425' u='m' c='_ZN21QPersistentModelIndexaSERKS_'/>
<use f='qtbase-6.5.0/src/corelib/itemmodels/qabstractitemmodel.cpp' l='428' u='m' c='_ZN21QPersistentModelIndexaSERKS_'/>
<use f='qtbase-6.5.0/src/corelib/itemmodels/qabstractitemmodel.cpp' l='446' u='m' c='_ZN21QPersistentModelIndexaSERK11QModelIndex'/>
<use f='qtbase-6.5.0/src/corelib/itemmodels/qabstractitemmodel.cpp' l='450' u='m' c='_ZN21QPersistentModelIndexaSERK11QModelIndex'/>
<offset>192</offset>
