<use f='qtbase-6.5.0/src/gui/image/qpixmapcache_p.h' l='31' u='w' c='_ZN12QPixmapCache7KeyDataC1Ev'/>
<use f='qtbase-6.5.0/src/gui/image/qpixmapcache_p.h' l='33' u='w' c='_ZN12QPixmapCache7KeyDataC1ERKS0_'/>
<dec f='qtbase-6.5.0/src/gui/image/qpixmapcache_p.h' l='38' type='int'/>
<use f='qtbase-6.5.0/src/gui/image/qpixmapcache.cpp' l='103' u='w' c='_ZN12QPixmapCache3KeyC1ERKS0_'/>
<use f='qtbase-6.5.0/src/gui/image/qpixmapcache.cpp' l='112' u='w' c='_ZN12QPixmapCache3KeyD1Ev'/>
<use f='qtbase-6.5.0/src/gui/image/qpixmapcache.cpp' l='167' u='w' c='_ZN12QPixmapCache3KeyaSERKS0_'/>
<use f='qtbase-6.5.0/src/gui/image/qpixmapcache.cpp' l='168' u='w' c='_ZN12QPixmapCache3KeyaSERKS0_'/>
<offset>64</offset>
