<dec f='qtbase-6.5.0/src/gui/image/qplatformpixmap.h' l='119' type='QAtomicInt'/>
<offset>192</offset>
<use f='qtbase-6.5.0/src/gui/image/qpixmap.cpp' l='203' macro='1' u='m' c='_ZN28QExplicitlySharedDataPointerI15QPlatformPixmapED1Ev'/>
<use f='qtbase-6.5.0/src/gui/image/qpixmap.cpp' l='245' u='m' c='_ZN7QPixmapD1Ev'/>
<use f='qtbase-6.5.0/src/gui/image/qpixmap.cpp' l='866' u='m' c='_ZN7QPixmap4fillERK6QColor'/>
<use f='qtbase-6.5.0/src/gui/image/qpixmap.cpp' l='963' u='m' c='_ZNK7QPixmap10isDetachedEv'/>
<use f='qtbase-6.5.0/src/gui/image/qpixmap.cpp' l='1421' u='m' c='_ZN7QPixmap6detachEv'/>
<use f='qtbase-6.5.0/src/gui/image/qpixmap.cpp' l='1424' u='m' c='_ZN7QPixmap6detachEv'/>
<use f='qtbase-6.5.0/src/gui/image/qplatformpixmap.cpp' l='39' u='w' c='_ZN15QPlatformPixmapC1ENS_9PixelTypeEi'/>
