<dec f='qtbase-6.5.0/src/corelib/kernel/qproperty.cpp' l='72' type='int'/>
<use f='qtbase-6.5.0/src/corelib/kernel/qproperty.cpp' l='195' u='w' c='_ZN2Qt24beginPropertyUpdateGroupEv'/>
<use f='qtbase-6.5.0/src/corelib/kernel/qproperty.cpp' l='215' u='r' c='_ZN2Qt22endPropertyUpdateGroupEv'/>
<use f='qtbase-6.5.0/src/corelib/kernel/qproperty.cpp' l='216' u='w' c='_ZN2Qt22endPropertyUpdateGroupEv'/>
<offset>0</offset>
