<use f='qtbase-6.5.0/src/gui/rhi/qshader_p_p.h' l='46' u='w' c='_ZN14QShaderPrivateC1Ev'/>
<use f='qtbase-6.5.0/src/gui/rhi/qshader_p_p.h' l='51' u='w' c='_ZN14QShaderPrivateC1ERKS_'/>
<dec f='qtbase-6.5.0/src/gui/rhi/qshader_p_p.h' l='75' type='QAtomicInt'/>
<use f='qtbase-6.5.0/src/gui/rhi/qshader.cpp' l='235' u='m' c='_ZN7QShaderC1ERKS_'/>
<use f='qtbase-6.5.0/src/gui/rhi/qshader.cpp' l='247' u='m' c='_ZN7QShaderaSERKS_'/>
<use f='qtbase-6.5.0/src/gui/rhi/qshader.cpp' l='252' u='m' c='_ZN7QShaderaSERKS_'/>
<use f='qtbase-6.5.0/src/gui/rhi/qshader.cpp' l='263' u='m' c='_ZN7QShaderD1Ev'/>
<use f='qtbase-6.5.0/src/gui/rhi/qshader.cpp' l='472' u='m' c='_ZN7QShader14fromSerializedERK10QByteArray'/>
<offset>0</offset>
