<dec f='qtbase-6.5.0/src/corelib/tools/qshareddata.h' l='21' type='QAtomicInt'/>
<use f='qtbase-6.5.0/src/corelib/tools/qshareddata.h' l='23' u='w' c='_ZN11QSharedDataC1Ev'/>
<use f='qtbase-6.5.0/src/corelib/tools/qshareddata.h' l='24' u='w' c='_ZN11QSharedDataC1ERKS_'/>
<offset>0</offset>
<use f='qtbase-6.5.0/src/corelib/io/qprocess_p.h' l='179' u='m' c='_ZN18QSharedDataPointer6detachEv'/>
<use f='qtbase-6.5.0/src/corelib/io/qprocess_p.h' l='183' u='m' c='_ZN18QSharedDataPointer6detachEv'/>
<use f='qtbase-6.5.0/src/corelib/io/qprocess_p.h' l='184' u='m' c='_ZN18QSharedDataPointer6detachEv'/>
<use f='qtbase-6.5.0/src/corelib/io/qurlquery.cpp' l='169' u='m' c='_ZN18QSharedDataPointer6detachEv'/>
<use f='qtbase-6.5.0/src/corelib/io/qurlquery.cpp' l='173' u='m' c='_ZN18QSharedDataPointer6detachEv'/>
<use f='qtbase-6.5.0/src/corelib/io/qurlquery.cpp' l='174' u='m' c='_ZN18QSharedDataPointer6detachEv'/>
<use f='qtbase-6.5.0/src/corelib/io/qurlquery.cpp' l='456' u='m' c='_ZNK9QUrlQuery10isDetachedEv'/>
<use f='qtbase-6.5.0/src/corelib/serialization/qcborvalue_p.h' l='105' u='m' c='_ZN21QCborContainerPrivate5derefEv'/>
<use f='qtbase-6.5.0/src/corelib/serialization/qcborvalue_p.h' l='279' u='m' c='_ZN21QCborContainerPrivate9makeValueEN10QCborValue4TypeExPS_NS_20ContainerDispositionE'/>
<use f='qtbase-6.5.0/src/corelib/serialization/qcborvalue.cpp' l='759' u='m' c='_ZL15assignContainerRP21QCborContainerPrivateS0_'/>
<use f='qtbase-6.5.0/src/corelib/serialization/qcborvalue.cpp' l='948' u='m' c='_ZN21QCborContainerPrivate5cloneEPS_x'/>
<use f='qtbase-6.5.0/src/corelib/serialization/qcborvalue.cpp' l='952' u='m' c='_ZN21QCborContainerPrivate5cloneEPS_x'/>
<use f='qtbase-6.5.0/src/corelib/serialization/qcborvalue.cpp' l='960' u='m' c='_ZN21QCborContainerPrivate6detachEPS_x'/>
<use f='qtbase-6.5.0/src/corelib/serialization/qcborvalue.cpp' l='995' u='m' c='_ZN21QCborContainerPrivate17replaceAt_complexERN6QtCbor7ElementERK10QCborValueNS_20ContainerDispositionE'/>
<use f='qtbase-6.5.0/src/corelib/serialization/qcborvalue.cpp' l='997' u='m' c='_ZN21QCborContainerPrivate17replaceAt_complexERN6QtCbor7ElementERK10QCborValueNS_20ContainerDispositionE'/>
<use f='qtbase-6.5.0/src/corelib/serialization/qcborvalue.cpp' l='1000' u='m' c='_ZN21QCborContainerPrivate17replaceAt_complexERN6QtCbor7ElementERK10QCborValueNS_20ContainerDispositionE'/>
<use f='qtbase-6.5.0/src/corelib/serialization/qcborvalue.cpp' l='1005' u='m' c='_ZN21QCborContainerPrivate17replaceAt_complexERN6QtCbor7ElementERK10QCborValueNS_20ContainerDispositionE'/>
<use f='qtbase-6.5.0/src/corelib/serialization/qcborvalue.cpp' l='1719' u='m' c='_ZN10QCborValueC1ERK10QByteArray'/>
<use f='qtbase-6.5.0/src/corelib/serialization/qcborvalue.cpp' l='1740' u='m' c='_ZN10QCborValueC1E11QStringView'/>
<use f='qtbase-6.5.0/src/corelib/serialization/qcborvalue.cpp' l='1755' u='m' c='_ZN10QCborValueC1E17QLatin1StringView'/>
<use f='qtbase-6.5.0/src/corelib/serialization/qcborvalue.cpp' l='1771' u='m' c='_ZN10QCborValueC1ERK10QCborArray'/>
<use f='qtbase-6.5.0/src/corelib/serialization/qcborvalue.cpp' l='1787' u='m' c='_ZN10QCborValueC1ERK8QCborMap'/>
<use f='qtbase-6.5.0/src/corelib/serialization/qcborvalue.cpp' l='1803' u='m' c='_ZN10QCborValueC1E8QCborTagRKS_'/>
<use f='qtbase-6.5.0/src/corelib/serialization/qcborvalue.cpp' l='1816' u='m' c='_ZN10QCborValueC1ERKS_'/>
<use f='qtbase-6.5.0/src/corelib/serialization/qcborvalue.cpp' l='2254' u='m' c='_ZL17convertArrayToMapRP21QCborContainerPrivate'/>
<use f='qtbase-6.5.0/src/corelib/serialization/qjsonvalue.cpp' l='1070' u='m' c='_ZN13QJsonValueRefixE14QAnyStringView'/>
<use f='qtbase-6.5.0/src/corelib/text/qregularexpression.cpp' l='1380' macro='1' u='m' c='_ZN28QExplicitlySharedDataPointerI25QRegularExpressionPrivateED1Ev'/>
<use f='qtbase-6.5.0/src/corelib/text/qregularexpression.cpp' l='2062' macro='1' u='m' c='_ZN28QExplicitlySharedDataPointerI30QRegularExpressionMatchPrivateED1Ev'/>
<use f='qtbase-6.5.0/src/corelib/text/qregularexpression.cpp' l='2567' macro='1' u='m' c='_ZN28QExplicitlySharedDataPointerI38QRegularExpressionMatchIteratorPrivateED1Ev'/>
<use f='qtbase-6.5.0/src/corelib/time/qdatetime.cpp' l='3088' u='m' c='_ZN9QDateTime4DataC1ERK9QTimeZone'/>
<use f='qtbase-6.5.0/src/corelib/time/qdatetime.cpp' l='3110' u='m' c='_ZN9QDateTime4DataC1ERKS0_'/>
<use f='qtbase-6.5.0/src/corelib/time/qdatetime.cpp' l='3140' u='m' c='_ZN9QDateTime4DataaSERKS0_'/>
<use f='qtbase-6.5.0/src/corelib/time/qdatetime.cpp' l='3144' u='m' c='_ZN9QDateTime4DataaSERKS0_'/>
<use f='qtbase-6.5.0/src/corelib/time/qdatetime.cpp' l='3151' u='m' c='_ZN9QDateTime4DataD1Ev'/>
<use f='qtbase-6.5.0/src/corelib/time/qdatetime.cpp' l='3179' u='m' c='_ZN9QDateTime4Data6detachEv'/>
<use f='qtbase-6.5.0/src/corelib/time/qdatetime.cpp' l='3185' u='m' c='_ZN9QDateTime4Data6detachEv'/>
<use f='qtbase-6.5.0/src/corelib/time/qdatetime.cpp' l='3186' u='m' c='_ZN9QDateTime4Data6detachEv'/>
<use f='qtbase-6.5.0/src/corelib/time/qdatetime.cpp' l='3220' u='m' c='_ZN9QDateTime4DataptEv'/>
<use f='qtbase-6.5.0/src/dbus/qdbusintegrator.cpp' l='1114' u='m' c='_ZN22QDBusConnectionPrivate15closeConnectionEv'/>
<use f='qtbase-6.5.0/src/dbus/qdbusintegrator.cpp' l='1919' u='m' c='_ZN22QDBusConnectionPrivate19processFinishedCallEP23QDBusPendingCallPrivate'/>
<use f='qtbase-6.5.0/src/dbus/qdbusintegrator.cpp' l='2083' u='m' c='_ZN22QDBusConnectionPrivate13sendWithReplyERK12QDBusMessageii'/>
<use f='qtbase-6.5.0/src/dbus/qdbusintegrator.cpp' l='2147' u='m' c='_ZN22QDBusConnectionPrivate18sendWithReplyAsyncERK12QDBusMessageP7QObjectPKcS6_i'/>
<use f='qtbase-6.5.0/src/dbus/qdbusintegrator.cpp' l='2151' u='m' c='_ZN22QDBusConnectionPrivate18sendWithReplyAsyncERK12QDBusMessageP7QObjectPKcS6_i'/>
<use f='qtbase-6.5.0/src/dbus/qdbusintegrator.cpp' l='2580' u='m' c='_ZN22QDBusConnectionPrivate19getNameOwnerNoCacheERK7QString'/>
<use f='qtbase-6.5.0/src/dbus/qdbuspendingcall.cpp' l='224' u='m' c='_ZN16QDBusPendingCallC1EP23QDBusPendingCallPrivate'/>
<use f='qtbase-6.5.0/src/dbus/qdbuspendingcall.cpp' l='442' u='m' c='_ZN16QDBusPendingCall17fromCompletedCallERK12QDBusMessage'/>
<use f='qtbase-6.5.0/src/dbus/qdbusunixfiledescriptor.cpp' l='94' u='m' c='_ZN28QExplicitlySharedDataPointerI30QDBusUnixFileDescriptorPrivateED1Ev'/>
<use f='qtbase-6.5.0/src/gui/kernel/qeventpoint.cpp' l='13' macro='1' u='m' c='_ZN28QExplicitlySharedDataPointerI18QEventPointPrivateED1Ev'/>
<use f='qtbase-6.5.0/src/gui/painting/qcolorspace.cpp' l='28' u='m' c='_ZL28cleanupPredefinedColorspacesv'/>
<use f='qtbase-6.5.0/src/gui/painting/qcolorspace.cpp' l='535' u='m' c='_ZN11QColorSpaceC1ENS_15NamedColorSpaceE'/>
<use f='qtbase-6.5.0/src/gui/painting/qcolorspace.cpp' l='628' macro='1' u='m' c='_ZN28QExplicitlySharedDataPointerI18QColorSpacePrivateED1Ev'/>
<use f='qtbase-6.5.0/src/gui/painting/qcolorspace.cpp' l='709' u='m' c='_ZN11QColorSpace19setTransferFunctionERK5QListItE'/>
<use f='qtbase-6.5.0/src/gui/painting/qcolorspace.cpp' l='736' u='m' c='_ZN11QColorSpace20setTransferFunctionsERK5QListItES3_S3_'/>
<use f='qtbase-6.5.0/src/gui/painting/qcolortransform.cpp' l='105' macro='1' u='m' c='_ZN28QExplicitlySharedDataPointerI22QColorTransformPrivateED1Ev'/>
<use f='qtbase-6.5.0/src/gui/painting/qpainterpath_p.h' l='227' u='m' c='_ZN19QPainterPathPrivate5closeEv'/>
<use f='qtbase-6.5.0/src/gui/painting/qpainterpath_p.h' l='254' u='m' c='_ZN19QPainterPathPrivate5clearEv'/>
<use f='qtbase-6.5.0/src/gui/painting/qpageranges.cpp' l='39' macro='1' u='m' c='_ZN28QExplicitlySharedDataPointerI18QPageRangesPrivateED1Ev'/>
<use f='qtbase-6.5.0/src/gui/text/qglyphrun.cpp' l='104' u='m' c='_ZN9QGlyphRun6detachEv'/>
<use f='qtbase-6.5.0/src/network/kernel/qnetworkproxy.cpp' l='447' u='m' c='_ZN18QSharedDataPointer6detachEv'/>
<use f='qtbase-6.5.0/src/network/kernel/qnetworkproxy.cpp' l='451' u='m' c='_ZN18QSharedDataPointer6detachEv'/>
<use f='qtbase-6.5.0/src/network/kernel/qnetworkproxy.cpp' l='452' u='m' c='_ZN18QSharedDataPointer6detachEv'/>
<use f='qtbase-6.5.0/src/network/kernel/qnetworkproxy.cpp' l='891' u='m' c='_ZN18QSharedDataPointer6detachEv'/>
<use f='qtbase-6.5.0/src/network/kernel/qnetworkproxy.cpp' l='895' u='m' c='_ZN18QSharedDataPointer6detachEv'/>
<use f='qtbase-6.5.0/src/network/kernel/qnetworkproxy.cpp' l='896' u='m' c='_ZN18QSharedDataPointer6detachEv'/>
