<dec f='qtbase-6.5.0/src/sql/kernel/qsqlrecord.cpp' l='25' type='QAtomicInt'/>
<use f='qtbase-6.5.0/src/sql/kernel/qsqlrecord.cpp' l='28' u='w' c='_ZN17QSqlRecordPrivateC1Ev'/>
<use f='qtbase-6.5.0/src/sql/kernel/qsqlrecord.cpp' l='32' u='w' c='_ZN17QSqlRecordPrivateC1ERKS_'/>
<use f='qtbase-6.5.0/src/sql/kernel/qsqlrecord.cpp' l='103' u='m' c='_ZN10QSqlRecordC1ERKS_'/>
<use f='qtbase-6.5.0/src/sql/kernel/qsqlrecord.cpp' l='125' u='m' c='_ZN10QSqlRecordD1Ev'/>
<offset>192</offset>
