<use f='qtbase-6.5.0/src/sql/kernel/qsqlfield.cpp' l='15' u='w' c='_ZN16QSqlFieldPrivateC1ERK7QString9QMetaTypeS2_'/>
<use f='qtbase-6.5.0/src/sql/kernel/qsqlfield.cpp' l='21' u='w' c='_ZN16QSqlFieldPrivateC1ERKS_'/>
<dec f='qtbase-6.5.0/src/sql/kernel/qsqlfield.cpp' l='49' type='QAtomicInt'/>
<use f='qtbase-6.5.0/src/sql/kernel/qsqlfield.cpp' l='156' u='m' c='_ZN9QSqlFieldC1ERKS_'/>
<use f='qtbase-6.5.0/src/sql/kernel/qsqlfield.cpp' l='193' u='m' c='_ZN9QSqlFieldD1Ev'/>
<offset>0</offset>
