<dec f='qtbase-6.5.0/src/sql/kernel/qsqlquery.cpp' l='25' type='QAtomicInt'/>
<use f='qtbase-6.5.0/src/sql/kernel/qsqlquery.cpp' l='38' u='m' c='_ZN16QSqlQueryPrivate11shared_nullEv'/>
<use f='qtbase-6.5.0/src/sql/kernel/qsqlquery.cpp' l='46' u='w' c='_ZN16QSqlQueryPrivateC1EP10QSqlResult'/>
<use f='qtbase-6.5.0/src/sql/kernel/qsqlquery.cpp' l='210' u='m' c='_ZN9QSqlQueryD1Ev'/>
<use f='qtbase-6.5.0/src/sql/kernel/qsqlquery.cpp' l='227' u='m' c='_ZN9QSqlQueryC1ERKS_'/>
<use f='qtbase-6.5.0/src/sql/kernel/qsqlquery.cpp' l='379' u='m' c='_ZN9QSqlQuery4execERK7QString'/>
<use f='qtbase-6.5.0/src/sql/kernel/qsqlquery.cpp' l='965' u='m' c='_ZN9QSqlQuery7prepareERK7QString'/>
<offset>0</offset>
