<use f='qtbase-6.5.0/src/sql/kernel/qsqldatabase.cpp' l='53' u='w' c='_ZN19QSqlDatabasePrivateC1EP12QSqlDatabaseP10QSqlDriver'/>
<dec f='qtbase-6.5.0/src/sql/kernel/qsqldatabase.cpp' l='66' type='QAtomicInt'/>
<use f='qtbase-6.5.0/src/sql/kernel/qsqldatabase.cpp' l='88' u='w' c='_ZN19QSqlDatabasePrivateC1ERKS_'/>
<use f='qtbase-6.5.0/src/sql/kernel/qsqldatabase.cpp' l='152' u='m' c='_ZN19QSqlDatabasePrivate12invalidateDbERK12QSqlDatabaseRK7QStringb'/>
<use f='qtbase-6.5.0/src/sql/kernel/qsqldatabase.cpp' l='620' u='m' c='_ZN12QSqlDatabaseC1Ev'/>
<use f='qtbase-6.5.0/src/sql/kernel/qsqldatabase.cpp' l='629' u='m' c='_ZN12QSqlDatabaseC1ERKS_'/>
<use f='qtbase-6.5.0/src/sql/kernel/qsqldatabase.cpp' l='685' u='m' c='_ZN12QSqlDatabaseD1Ev'/>
<offset>0</offset>
