<dec f='qtbase-6.5.0/src/gui/text/qstatictext_p.h' l='104' type='QAtomicInt'/>
<offset>0</offset>
<doc f='qtbase-6.5.0/src/gui/text/qstatictext_p.h' l='104'>// 4 bytes per text</doc>
<use f='qtbase-6.5.0/src/gui/text/qstatictext.cpp' l='150' u='m' c='_ZN11QStaticTextD1Ev'/>
<use f='qtbase-6.5.0/src/gui/text/qstatictext.cpp' l='158' u='m' c='_ZN11QStaticText6detachEv'/>
