<dec f='qtbase-6.5.0/src/corelib/itemmodels/qstringlistmodel.h' l='46' type='QStringList'/>
<offset>128</offset>
<use f='qtbase-6.5.0/src/corelib/itemmodels/qstringlistmodel.cpp' l='69' u='w' c='_ZN16QStringListModelC1ERK5QListI7QStringEP7QObject'/>
<use f='qtbase-6.5.0/src/corelib/itemmodels/qstringlistmodel.cpp' l='89' u='m' c='_ZNK16QStringListModel8rowCountERK11QModelIndex'/>
<use f='qtbase-6.5.0/src/corelib/itemmodels/qstringlistmodel.cpp' l='97' u='m' c='_ZNK16QStringListModel7siblingEiiRK11QModelIndex'/>
<use f='qtbase-6.5.0/src/corelib/itemmodels/qstringlistmodel.cpp' l='111' u='m' c='_ZNK16QStringListModel8itemDataERK11QModelIndex'/>
<use f='qtbase-6.5.0/src/corelib/itemmodels/qstringlistmodel.cpp' l='150' u='m' c='_ZNK16QStringListModel4dataERK11QModelIndexi'/>
<use f='qtbase-6.5.0/src/corelib/itemmodels/qstringlistmodel.cpp' l='154' u='m' c='_ZNK16QStringListModel4dataERK11QModelIndexi'/>
<use f='qtbase-6.5.0/src/corelib/itemmodels/qstringlistmodel.cpp' l='187' u='m' c='_ZN16QStringListModel7setDataERK11QModelIndexRK8QVarianti'/>
<use f='qtbase-6.5.0/src/corelib/itemmodels/qstringlistmodel.cpp' l='190' u='m' c='_ZN16QStringListModel7setDataERK11QModelIndexRK8QVarianti'/>
<use f='qtbase-6.5.0/src/corelib/itemmodels/qstringlistmodel.cpp' l='192' u='m' c='_ZN16QStringListModel7setDataERK11QModelIndexRK8QVarianti'/>
<use f='qtbase-6.5.0/src/corelib/itemmodels/qstringlistmodel.cpp' l='229' u='m' c='_ZN16QStringListModel10insertRowsEiiRK11QModelIndex'/>
<use f='qtbase-6.5.0/src/corelib/itemmodels/qstringlistmodel.cpp' l='256' u='m' c='_ZN16QStringListModel10removeRowsEiiRK11QModelIndex'/>
<use f='qtbase-6.5.0/src/corelib/itemmodels/qstringlistmodel.cpp' l='257' u='m' c='_ZN16QStringListModel10removeRowsEiiRK11QModelIndex'/>
<use f='qtbase-6.5.0/src/corelib/itemmodels/qstringlistmodel.cpp' l='290' u='m' c='_ZN16QStringListModel8moveRowsERK11QModelIndexiiS2_i'/>
<use f='qtbase-6.5.0/src/corelib/itemmodels/qstringlistmodel.cpp' l='313' u='m' c='_ZN16QStringListModel4sortEiN2Qt9SortOrderE'/>
<use f='qtbase-6.5.0/src/corelib/itemmodels/qstringlistmodel.cpp' l='316' u='m' c='_ZN16QStringListModel4sortEiN2Qt9SortOrderE'/>
<use f='qtbase-6.5.0/src/corelib/itemmodels/qstringlistmodel.cpp' l='323' u='m' c='_ZN16QStringListModel4sortEiN2Qt9SortOrderE'/>
<use f='qtbase-6.5.0/src/corelib/itemmodels/qstringlistmodel.cpp' l='326' u='m' c='_ZN16QStringListModel4sortEiN2Qt9SortOrderE'/>
<use f='qtbase-6.5.0/src/corelib/itemmodels/qstringlistmodel.cpp' l='346' u='r' c='_ZNK16QStringListModel10stringListEv'/>
<use f='qtbase-6.5.0/src/corelib/itemmodels/qstringlistmodel.cpp' l='358' u='w' c='_ZN16QStringListModel13setStringListERK5QListI7QStringE'/>
