<dec f='qtbase-6.5.0/src/corelib/kernel/qpropertyprivate.h' l='39' type='int'/>
<use f='qtbase-6.5.0/src/corelib/kernel/qpropertyprivate.h' l='40' u='w' c='_ZN9QtPrivate10RefCounted6addRefEv'/>
<use f='qtbase-6.5.0/src/corelib/kernel/qpropertyprivate.h' l='41' u='w' c='_ZN9QtPrivate10RefCounted5derefEv'/>
<use f='qtbase-6.5.0/src/corelib/kernel/qpropertyprivate.h' l='41' u='r' c='_ZN9QtPrivate10RefCounted5derefEv'/>
<use f='qtbase-6.5.0/src/corelib/kernel/qpropertyprivate.h' l='64' u='w' c='_ZN26QPropertyBindingPrivatePtrD1Ev'/>
<offset>0</offset>
<use f='qtbase-6.5.0/src/corelib/kernel/qproperty.cpp' l='30' u='w' c='_ZN26QPropertyBindingPrivatePtr5resetEPN9QtPrivate10RefCountedE'/>
<use f='qtbase-6.5.0/src/corelib/kernel/qproperty.cpp' l='32' u='w' c='_ZN26QPropertyBindingPrivatePtr5resetEPN9QtPrivate10RefCountedE'/>
<use f='qtbase-6.5.0/src/corelib/kernel/qproperty.cpp' l='280' u='w' c='_ZN23QPropertyBindingPrivate14unlinkAndDerefEv'/>
