<dec f='qtbase-6.5.0/src/corelib/io/qurl.cpp' l='556' type='QAtomicInt'/>
<use f='qtbase-6.5.0/src/corelib/io/qurl.cpp' l='581' u='w' c='_ZN11QUrlPrivateC1Ev'/>
<use f='qtbase-6.5.0/src/corelib/io/qurl.cpp' l='588' u='w' c='_ZN11QUrlPrivateC1ERKS_'/>
<use f='qtbase-6.5.0/src/corelib/io/qurl.cpp' l='1856' u='m' c='_ZN4QUrlC1ERKS_'/>
<use f='qtbase-6.5.0/src/corelib/io/qurl.cpp' l='1864' u='m' c='_ZN4QUrlD1Ev'/>
<use f='qtbase-6.5.0/src/corelib/io/qurl.cpp' l='1906' u='m' c='_ZN4QUrl5clearEv'/>
<use f='qtbase-6.5.0/src/corelib/io/qurl.cpp' l='3247' u='m' c='_ZN4QUrlaSERKS_'/>
<use f='qtbase-6.5.0/src/corelib/io/qurl.cpp' l='3299' u='m' c='_ZNK4QUrl10isDetachedEv'/>
<offset>0</offset>
