<use f='qtbase-6.5.0/src/corelib/kernel/qvariant.h' l='64' u='w' c='_ZN8QVariant13PrivateSharedC1Ev'/>
<dec f='qtbase-6.5.0/src/corelib/kernel/qvariant.h' l='69' type='QAtomicInt'/>
<use f='qtbase-6.5.0/src/corelib/kernel/qvariant.h' l='561' u='m' c='_ZNK8QVariant10isDetachedEv'/>
<offset>0</offset>
<use f='qtbase-6.5.0/src/corelib/kernel/qvariant.cpp' l='296' u='m' c='_ZN12_GLOBAL__N_112clonePrivateERKN8QVariant7PrivateE'/>
<use f='qtbase-6.5.0/src/corelib/kernel/qvariant.cpp' l='578' u='m' c='_ZN8QVariantD1Ev'/>
<use f='qtbase-6.5.0/src/corelib/kernel/qvariant.cpp' l='1035' u='m' c='_ZN8QVariant6detachEv'/>
<use f='qtbase-6.5.0/src/corelib/kernel/qvariant.cpp' l='1041' u='m' c='_ZN8QVariant6detachEv'/>
<use f='qtbase-6.5.0/src/corelib/kernel/qvariant.cpp' l='1069' u='m' c='_ZN8QVariant5clearEv'/>
