<use f='qtbase-6.5.0/src/gui/text/qplatformfontdatabase.cpp' l='85' u='w' c='_ZN22QWritingSystemsPrivateC1Ev'/>
<use f='qtbase-6.5.0/src/gui/text/qplatformfontdatabase.cpp' l='91' u='w' c='_ZN22QWritingSystemsPrivateC1EPKS_'/>
<dec f='qtbase-6.5.0/src/gui/text/qplatformfontdatabase.cpp' l='96' type='QAtomicInt'/>
<use f='qtbase-6.5.0/src/gui/text/qplatformfontdatabase.cpp' l='114' u='m' c='_ZN24QSupportedWritingSystemsC1ERKS_'/>
<use f='qtbase-6.5.0/src/gui/text/qplatformfontdatabase.cpp' l='123' u='m' c='_ZN24QSupportedWritingSystemsaSERKS_'/>
<use f='qtbase-6.5.0/src/gui/text/qplatformfontdatabase.cpp' l='124' u='m' c='_ZN24QSupportedWritingSystemsaSERKS_'/>
<use f='qtbase-6.5.0/src/gui/text/qplatformfontdatabase.cpp' l='176' u='m' c='_ZN24QSupportedWritingSystemsD1Ev'/>
<use f='qtbase-6.5.0/src/gui/text/qplatformfontdatabase.cpp' l='185' u='m' c='_ZN24QSupportedWritingSystems6detachEv'/>
<use f='qtbase-6.5.0/src/gui/text/qplatformfontdatabase.cpp' l='187' u='m' c='_ZN24QSupportedWritingSystems6detachEv'/>
<offset>0</offset>
