<def f='include/c++/9/bits/stl_map.h' l='100' ll='1405'/>
<use f='include/c++/9/bits/stl_map.h' l='130'/>
<use f='include/c++/9/bits/stl_map.h' l='640' c='_ZNSt3map5mergeERSt3mapIT_T0_TL0__T2_E'/>
<use f='include/c++/9/bits/stl_map.h' l='648' c='_ZNSt3map5mergeEOSt3mapIT_T0_TL0__T2_E'/>
<use f='include/c++/9/bits/stl_map.h' l='1398' c='_ZSteqRKSt3mapITL0__TL0_0_TL0_1_TL0_2_ES6_'/>
<use f='include/c++/9/bits/stl_map.h' l='1399' c='_ZSteqRKSt3mapITL0__TL0_0_TL0_1_TL0_2_ES6_'/>
<use f='include/c++/9/bits/stl_map.h' l='1403' c='_ZStltRKSt3mapITL0__TL0_0_TL0_1_TL0_2_ES6_'/>
<use f='include/c++/9/bits/stl_map.h' l='1404' c='_ZStltRKSt3mapITL0__TL0_0_TL0_1_TL0_2_ES6_'/>
<use f='include/c++/9/bits/stl_map.h' l='1418' c='std::{deductionguideformap}'/>
<use f='include/c++/9/bits/stl_map.h' l='1427' c='std::{deductionguideformap}'/>
<use f='include/c++/9/bits/stl_map.h' l='1433' c='std::{deductionguideformap}'/>
<use f='include/c++/9/bits/stl_map.h' l='1439' c='std::{deductionguideformap}'/>
<use f='include/c++/9/bits/stl_map.h' l='1455' c='_ZSteqRKSt3mapIT_T0_T1_T2_ES6_'/>
<use f='include/c++/9/bits/stl_map.h' l='1456' c='_ZSteqRKSt3mapIT_T0_T1_T2_ES6_'/>
<use f='include/c++/9/bits/stl_map.h' l='1472' c='_ZStltRKSt3mapIT_T0_T1_T2_ES6_'/>
<use f='include/c++/9/bits/stl_map.h' l='1473' c='_ZStltRKSt3mapIT_T0_T1_T2_ES6_'/>
<use f='include/c++/9/bits/stl_map.h' l='1479' c='_ZStneRKSt3mapIT_T0_T1_T2_ES6_'/>
<use f='include/c++/9/bits/stl_map.h' l='1480' c='_ZStneRKSt3mapIT_T0_T1_T2_ES6_'/>
<use f='include/c++/9/bits/stl_map.h' l='1486' c='_ZStgtRKSt3mapIT_T0_T1_T2_ES6_'/>
<use f='include/c++/9/bits/stl_map.h' l='1487' c='_ZStgtRKSt3mapIT_T0_T1_T2_ES6_'/>
<use f='include/c++/9/bits/stl_map.h' l='1493' c='_ZStleRKSt3mapIT_T0_T1_T2_ES6_'/>
<use f='include/c++/9/bits/stl_map.h' l='1494' c='_ZStleRKSt3mapIT_T0_T1_T2_ES6_'/>
<use f='include/c++/9/bits/stl_map.h' l='1500' c='_ZStgeRKSt3mapIT_T0_T1_T2_ES6_'/>
<use f='include/c++/9/bits/stl_map.h' l='1501' c='_ZStgeRKSt3mapIT_T0_T1_T2_ES6_'/>
<use f='include/c++/9/bits/stl_map.h' l='1507' c='_ZSt4swapRSt3mapIT_T0_T1_T2_ES5_'/>
<use f='include/c++/9/bits/stl_map.h' l='1508' c='_ZSt4swapRSt3mapIT_T0_T1_T2_ES5_'/>
<use f='include/c++/9/bits/stl_map.h' l='1519'/>
<use f='include/c++/9/bits/stl_map.h' l='1523'/>
<use f='include/c++/9/bits/stl_map.h' l='1526' c='_ZNSt21_Rb_tree_merge_helperISt3mapIT_T0_T1_T2_ET3_E11_S_get_treeERS0_IS1_S2_S6_S4_E'/>
<use f='include/c++/9/bits/stl_multimap.h' l='669' c='_ZNSt8multimap5mergeERSt3mapIT_T0_TL0__T2_E'/>
<use f='include/c++/9/bits/stl_multimap.h' l='677' c='_ZNSt8multimap5mergeEOSt3mapIT_T0_TL0__T2_E'/>
<use f='include/c++/9/bits/stl_multimap.h' l='1190' c='_ZNSt21_Rb_tree_merge_helperISt8multimapIT_T0_T1_T2_ET3_E11_S_get_treeERSt3mapIS1_S2_S6_S4_E'/>
<use f='include/c++/9/map' l='83'/>
<use f='qtbase-6.5.0/src/corelib/kernel/qmetatype.h' l='1703'/>
<use f='qtbase-6.5.0/src/corelib/kernel/qmetatype.h' l='1703'/>
<use f='qtbase-6.5.0/src/corelib/kernel/qmetatype.h' l='1703' c='_ZN11QMetaTypeIdISt3mapIT_T0_St4lessIS1_ESaISt4pairIKS1_S2_EEEE14qt_metatype_idEv'/>
<mbr r='std::map::_M_t' t='std::map::_Rep_type'/>
<fun r='_ZNSt3mapC1Ev'/>
<fun r='_ZNSt3mapC1ERKT1_RKT2_'/>
<fun r='_ZNSt3mapC1ERKSt3mapIT_T0_T1_T2_E'/>
<fun r='_ZNSt3mapC1EOSt3mapIT_T0_T1_T2_E'/>
<fun r='_ZNSt3mapC1ESt16initializer_listISt4pairIKT_T0_EERKT1_RKT2_'/>
<fun r='_ZNSt3mapC1ERKT2_'/>
<fun r='_ZNSt3mapC1ERKSt3mapIT_T0_T1_T2_ERKS4_'/>
<fun r='_ZNSt3mapC1EOSt3mapIT_T0_T1_T2_ERKS4_'/>
<fun r='_ZNSt3mapC1ESt16initializer_listISt4pairIKT_T0_EERKT2_'/>
<fun r='_ZNSt3mapC1ETL0__S0_RKT2_'/>
<fun r='_ZNSt3mapC1ETL0__S0_'/>
<fun r='_ZNSt3mapC1ETL0__S0_RKT1_RKT2_'/>
<fun r='_ZNSt3mapD1Ev'/>
<fun r='_ZNSt3mapaSERKSt3mapIT_T0_T1_T2_E'/>
<fun r='_ZNSt3mapaSEOSt3mapIT_T0_T1_T2_E'/>
<fun r='_ZNSt3mapaSESt16initializer_listISt4pairIKT_T0_EE'/>
<fun r='_ZNKSt3map13get_allocatorEv'/>
<fun r='_ZNSt3map5beginEv'/>
<fun r='_ZNKSt3map5beginEv'/>
<fun r='_ZNSt3map3endEv'/>
<fun r='_ZNKSt3map3endEv'/>
<fun r='_ZNSt3map6rbeginEv'/>
<fun r='_ZNKSt3map6rbeginEv'/>
<fun r='_ZNSt3map4rendEv'/>
<fun r='_ZNKSt3map4rendEv'/>
<fun r='_ZNKSt3map6cbeginEv'/>
<fun r='_ZNKSt3map4cendEv'/>
<fun r='_ZNKSt3map7crbeginEv'/>
<fun r='_ZNKSt3map5crendEv'/>
<fun r='_ZNKSt3map5emptyEv'/>
<fun r='_ZNKSt3map4sizeEv'/>
<fun r='_ZNKSt3map8max_sizeEv'/>
<fun r='_ZNSt3mapixERKT_'/>
<fun r='_ZNSt3mapixEOT_'/>
<fun r='_ZNSt3map2atERKT_'/>
<fun r='_ZNKSt3map2atERKT_'/>
<fun r='_ZNSt3map7emplaceEDpOTL0__'/>
<fun r='_ZNSt3map12emplace_hintENSt8_Rb_treeIT_St4pairIKS1_T0_ESt10_Select1stIS5_ET1_N9__gnu_cxx14__alloc_traitsIT2_NSB_10value_typeEE6rebindIS5_E5otherEE14co4045802'/>
<fun r='_ZNSt3map7extractENSt8_Rb_treeIT_St4pairIKS1_T0_ESt10_Select1stIS5_ET1_N9__gnu_cxx14__alloc_traitsIT2_NSB_10value_typeEE6rebindIS5_E5otherEE14const_iteratorE'/>
<fun r='_ZNSt3map7extractERKT_'/>
<fun r='_ZNSt3map6insertEONSt8_Rb_treeIT_St4pairIKS1_T0_ESt10_Select1stIS5_ET1_N9__gnu_cxx14__alloc_traitsIT2_NSB_10value_typeEE6rebindIS5_E5otherEE9node_typeE'/>
<fun r='_ZNSt3map6insertENSt8_Rb_treeIT_St4pairIKS1_T0_ESt10_Select1stIS5_ET1_N9__gnu_cxx14__alloc_traitsIT2_NSB_10value_typeEE6rebindIS5_E5otherEE14const_ite1794288'/>
<fun r='_ZNSt3map5mergeERSt3mapIT_T0_TL0__T2_E'/>
<fun r='_ZNSt3map5mergeEOSt3mapIT_T0_TL0__T2_E'/>
<fun r='_ZNSt3map5mergeERSt8multimapIT_T0_TL0__T2_E'/>
<fun r='_ZNSt3map5mergeEOSt8multimapIT_T0_TL0__T2_E'/>
<fun r='_ZNSt3map11try_emplaceERKT_DpOTL0__'/>
<fun r='_ZNSt3map11try_emplaceEOT_DpOTL0__'/>
<fun r='_ZNSt3map11try_emplaceENSt8_Rb_treeIT_St4pairIKS1_T0_ESt10_Select1stIS5_ET1_N9__gnu_cxx14__alloc_traitsIT2_NSB_10value_typeEE6rebindIS5_E5otherEE14con9785190'/>
<fun r='_ZNSt3map11try_emplaceENSt8_Rb_treeIT_St4pairIKS1_T0_ESt10_Select1stIS5_ET1_N9__gnu_cxx14__alloc_traitsIT2_NSB_10value_typeEE6rebindIS5_E5otherEE14con8886010'/>
<fun r='_ZNSt3map6insertERKSt4pairIKT_T0_E'/>
<fun r='_ZNSt3map6insertEOSt4pairIKT_T0_E'/>
<fun r='_ZNSt3map6insertEOTL0__'/>
<fun r='_ZNSt3map6insertESt16initializer_listISt4pairIKT_T0_EE'/>
<fun r='_ZNSt3map6insertENSt8_Rb_treeIT_St4pairIKS1_T0_ESt10_Select1stIS5_ET1_N9__gnu_cxx14__alloc_traitsIT2_NSB_10value_typeEE6rebindIS5_E5otherEE14const_iteratorERKS5_'/>
<fun r='_ZNSt3map6insertENSt8_Rb_treeIT_St4pairIKS1_T0_ESt10_Select1stIS5_ET1_N9__gnu_cxx14__alloc_traitsIT2_NSB_10value_typeEE6rebindIS5_E5otherEE14const_iteratorEOS5_'/>
<fun r='_ZNSt3map6insertENSt8_Rb_treeIT_St4pairIKS1_T0_ESt10_Select1stIS5_ET1_N9__gnu_cxx14__alloc_traitsIT2_NSB_10value_typeEE6rebindIS5_E5otherEE14const_iteratorEOTL0__'/>
<fun r='_ZNSt3map6insertETL0__S0_'/>
<fun r='_ZNSt3map16insert_or_assignERKT_OTL0__'/>
<fun r='_ZNSt3map16insert_or_assignEOT_OTL0__'/>
<fun r='_ZNSt3map16insert_or_assignENSt8_Rb_treeIT_St4pairIKS1_T0_ESt10_Select1stIS5_ET1_N9__gnu_cxx14__alloc_traitsIT2_NSB_10value_typeEE6rebindIS5_E5otherEE9890757'/>
<fun r='_ZNSt3map16insert_or_assignENSt8_Rb_treeIT_St4pairIKS1_T0_ESt10_Select1stIS5_ET1_N9__gnu_cxx14__alloc_traitsIT2_NSB_10value_typeEE6rebindIS5_E5otherEE3266545'/>
<fun r='_ZNSt3map5eraseENSt8_Rb_treeIT_St4pairIKS1_T0_ESt10_Select1stIS5_ET1_N9__gnu_cxx14__alloc_traitsIT2_NSB_10value_typeEE6rebindIS5_E5otherEE14const_iteratorE'/>
<fun r='_ZNSt3map5eraseB5cxx11ENSt8_Rb_treeIT_St4pairIKS1_T0_ESt10_Select1stIS5_ET1_N9__gnu_cxx14__alloc_traitsIT2_NSB_10value_typeEE6rebindIS5_E5otherEE8iteratorE'/>
<fun r='_ZNSt3map5eraseERKT_'/>
<fun r='_ZNSt3map5eraseENSt8_Rb_treeIT_St4pairIKS1_T0_ESt10_Select1stIS5_ET1_N9__gnu_cxx14__alloc_traitsIT2_NSB_10value_typeEE6rebindIS5_E5otherEE14const_iteratorESI_'/>
<fun r='_ZNSt3map4swapERSt3mapIT_T0_T1_T2_E'/>
<fun r='_ZNSt3map5clearEv'/>
<fun r='_ZNKSt3map8key_compEv'/>
<fun r='_ZNKSt3map10value_compEv'/>
<fun r='_ZNSt3map4findERKT_'/>
<fun r='_ZNSt3map4findERKTL0__'/>
<fun r='_ZNKSt3map4findERKT_'/>
<fun r='_ZNKSt3map4findERKTL0__'/>
<fun r='_ZNKSt3map5countERKT_'/>
<fun r='_ZNKSt3map5countERKTL0__'/>
<fun r='_ZNSt3map11lower_boundERKT_'/>
<fun r='_ZNSt3map11lower_boundERKTL0__'/>
<fun r='_ZNKSt3map11lower_boundERKT_'/>
<fun r='_ZNKSt3map11lower_boundERKTL0__'/>
<fun r='_ZNSt3map11upper_boundERKT_'/>
<fun r='_ZNSt3map11upper_boundERKTL0__'/>
<fun r='_ZNKSt3map11upper_boundERKT_'/>
<fun r='_ZNKSt3map11upper_boundERKTL0__'/>
<fun r='_ZNSt3map11equal_rangeERKT_'/>
<fun r='_ZNSt3map11equal_rangeERKTL0__'/>
<fun r='_ZNKSt3map11equal_rangeERKT_'/>
<fun r='_ZNKSt3map11equal_rangeERKTL0__'/>
<use f='qtbase-6.5.0/src/corelib/io/qdebug.h' l='314' c='_Zls6QDebugRKSt3mapIT_T0_T1_T2_E'/>
<use f='qtbase-6.5.0/src/corelib/tools/qmap.h' l='187'/>
<use f='qtbase-6.5.0/src/corelib/tools/qmap.h' l='214' c='_ZN4QMapC1ERKSt3mapIT_T0_St4lessIS1_ESaISt4pairIKS1_S2_EEE'/>
<use f='qtbase-6.5.0/src/corelib/tools/qmap.h' l='219' c='_ZN4QMapC1EOSt3mapIT_T0_St4lessIS1_ESaISt4pairIKS1_S2_EEE'/>
<use f='qtbase-6.5.0/src/corelib/tools/qmap.h' l='224' c='_ZNKR4QMap8toStdMapEv'/>
<use f='qtbase-6.5.0/src/corelib/tools/qmap.h' l='231' c='_ZNO4QMap8toStdMapEv'/>
<use f='qtbase-6.5.0/src/network/access/qhsts_p.h' l='83'/>
